Archive member included to satisfy reference by file (symbol)

/Applications/STM32CubeIDE.app/Contents/Eclipse/plugins/com.st.stm32cube.ide.mcu.externaltools.gnu-tools-for-stm32.11.3.rel1.macos64_1.1.1.202309131626/tools/bin/../lib/gcc/arm-none-eabi/11.3.1/../../../../arm-none-eabi/lib/thumb/v7e-m+fp/hard/libc_nano.a(libc_a-exit.o)
                              /Applications/STM32CubeIDE.app/Contents/Eclipse/plugins/com.st.stm32cube.ide.mcu.externaltools.gnu-tools-for-stm32.11.3.rel1.macos64_1.1.1.202309131626/tools/bin/../lib/gcc/arm-none-eabi/11.3.1/../../../../arm-none-eabi/lib/thumb/v7e-m+fp/hard/crt0.o (exit)
/Applications/STM32CubeIDE.app/Contents/Eclipse/plugins/com.st.stm32cube.ide.mcu.externaltools.gnu-tools-for-stm32.11.3.rel1.macos64_1.1.1.202309131626/tools/bin/../lib/gcc/arm-none-eabi/11.3.1/../../../../arm-none-eabi/lib/thumb/v7e-m+fp/hard/libc_nano.a(libc_a-findfp.o)
                              /Applications/STM32CubeIDE.app/Contents/Eclipse/plugins/com.st.stm32cube.ide.mcu.externaltools.gnu-tools-for-stm32.11.3.rel1.macos64_1.1.1.202309131626/tools/bin/../lib/gcc/arm-none-eabi/11.3.1/../../../../arm-none-eabi/lib/thumb/v7e-m+fp/hard/libc_nano.a(libc_a-exit.o) (__stdio_exit_handler)
/Applications/STM32CubeIDE.app/Contents/Eclipse/plugins/com.st.stm32cube.ide.mcu.externaltools.gnu-tools-for-stm32.11.3.rel1.macos64_1.1.1.202309131626/tools/bin/../lib/gcc/arm-none-eabi/11.3.1/../../../../arm-none-eabi/lib/thumb/v7e-m+fp/hard/libc_nano.a(libc_a-fwalk.o)
                              /Applications/STM32CubeIDE.app/Contents/Eclipse/plugins/com.st.stm32cube.ide.mcu.externaltools.gnu-tools-for-stm32.11.3.rel1.macos64_1.1.1.202309131626/tools/bin/../lib/gcc/arm-none-eabi/11.3.1/../../../../arm-none-eabi/lib/thumb/v7e-m+fp/hard/libc_nano.a(libc_a-findfp.o) (_fwalk_sglue)
/Applications/STM32CubeIDE.app/Contents/Eclipse/plugins/com.st.stm32cube.ide.mcu.externaltools.gnu-tools-for-stm32.11.3.rel1.macos64_1.1.1.202309131626/tools/bin/../lib/gcc/arm-none-eabi/11.3.1/../../../../arm-none-eabi/lib/thumb/v7e-m+fp/hard/libc_nano.a(libc_a-memset.o)
                              /Applications/STM32CubeIDE.app/Contents/Eclipse/plugins/com.st.stm32cube.ide.mcu.externaltools.gnu-tools-for-stm32.11.3.rel1.macos64_1.1.1.202309131626/tools/bin/../lib/gcc/arm-none-eabi/11.3.1/../../../../arm-none-eabi/lib/thumb/v7e-m+fp/hard/crt0.o (memset)
/Applications/STM32CubeIDE.app/Contents/Eclipse/plugins/com.st.stm32cube.ide.mcu.externaltools.gnu-tools-for-stm32.11.3.rel1.macos64_1.1.1.202309131626/tools/bin/../lib/gcc/arm-none-eabi/11.3.1/../../../../arm-none-eabi/lib/thumb/v7e-m+fp/hard/libc_nano.a(libc_a-impure.o)
                              /Applications/STM32CubeIDE.app/Contents/Eclipse/plugins/com.st.stm32cube.ide.mcu.externaltools.gnu-tools-for-stm32.11.3.rel1.macos64_1.1.1.202309131626/tools/bin/../lib/gcc/arm-none-eabi/11.3.1/../../../../arm-none-eabi/lib/thumb/v7e-m+fp/hard/libc_nano.a(libc_a-findfp.o) (_impure_data)
/Applications/STM32CubeIDE.app/Contents/Eclipse/plugins/com.st.stm32cube.ide.mcu.externaltools.gnu-tools-for-stm32.11.3.rel1.macos64_1.1.1.202309131626/tools/bin/../lib/gcc/arm-none-eabi/11.3.1/../../../../arm-none-eabi/lib/thumb/v7e-m+fp/hard/libc_nano.a(libc_a-errno.o)
                              ./Core/Src/syscalls.o (__errno)
/Applications/STM32CubeIDE.app/Contents/Eclipse/plugins/com.st.stm32cube.ide.mcu.externaltools.gnu-tools-for-stm32.11.3.rel1.macos64_1.1.1.202309131626/tools/bin/../lib/gcc/arm-none-eabi/11.3.1/../../../../arm-none-eabi/lib/thumb/v7e-m+fp/hard/libc_nano.a(libc_a-init.o)
                              /Applications/STM32CubeIDE.app/Contents/Eclipse/plugins/com.st.stm32cube.ide.mcu.externaltools.gnu-tools-for-stm32.11.3.rel1.macos64_1.1.1.202309131626/tools/bin/../lib/gcc/arm-none-eabi/11.3.1/../../../../arm-none-eabi/lib/thumb/v7e-m+fp/hard/crt0.o (__libc_init_array)
/Applications/STM32CubeIDE.app/Contents/Eclipse/plugins/com.st.stm32cube.ide.mcu.externaltools.gnu-tools-for-stm32.11.3.rel1.macos64_1.1.1.202309131626/tools/bin/../lib/gcc/arm-none-eabi/11.3.1/../../../../arm-none-eabi/lib/thumb/v7e-m+fp/hard/libc_nano.a(libc_a-lock.o)
                              /Applications/STM32CubeIDE.app/Contents/Eclipse/plugins/com.st.stm32cube.ide.mcu.externaltools.gnu-tools-for-stm32.11.3.rel1.macos64_1.1.1.202309131626/tools/bin/../lib/gcc/arm-none-eabi/11.3.1/../../../../arm-none-eabi/lib/thumb/v7e-m+fp/hard/libc_nano.a(libc_a-findfp.o) (__retarget_lock_init_recursive)
/Applications/STM32CubeIDE.app/Contents/Eclipse/plugins/com.st.stm32cube.ide.mcu.externaltools.gnu-tools-for-stm32.11.3.rel1.macos64_1.1.1.202309131626/tools/bin/../lib/gcc/arm-none-eabi/11.3.1/../../../../arm-none-eabi/lib/thumb/v7e-m+fp/hard/libc_nano.a(libc_a-memcpy-stub.o)
                              ./FreeRTOS/queue.o (memcpy)
[...]
Memory Configuration

Name             Origin             Length             Attributes
CCMRAM           0x0000000010000000 0x0000000000010000 xrw
RAM              0x0000000020000000 0x0000000000020000 xrw
FLASH            0x0000000008000000 0x0000000000100000 xr
*default*        0x0000000000000000 0xffffffffffffffff

Linker script and memory map

LOAD /Applications/STM32CubeIDE.app/Contents/Eclipse/plugins/com.st.stm32cube.ide.mcu.externaltools.gnu-tools-for-stm32.11.3.rel1.macos64_1.1.1.202309131626/tools/bin/../lib/gcc/arm-none-eabi/11.3.1/thumb/v7e-m+fp/hard/crti.o
LOAD /Applications/STM32CubeIDE.app/Contents/Eclipse/plugins/com.st.stm32cube.ide.mcu.externaltools.gnu-tools-for-stm32.11.3.rel1.macos64_1.1.1.202309131626/tools/bin/../lib/gcc/arm-none-eabi/11.3.1/thumb/v7e-m+fp/hard/crtbegin.o
LOAD /Applications/STM32CubeIDE.app/Contents/Eclipse/plugins/com.st.stm32cube.ide.mcu.externaltools.gnu-tools-for-stm32.11.3.rel1.macos64_1.1.1.202309131626/tools/bin/../lib/gcc/arm-none-eabi/11.3.1/../../../../arm-none-eabi/lib/thumb/v7e-m+fp/hard/crt0.o
LOAD ./Core/Src/main.o
LOAD ./Core/Src/stm32f4xx_hal_msp.o
LOAD ./Core/Src/stm32f4xx_hal_timebase_tim.o
LOAD ./Core/Src/stm32f4xx_it.o
LOAD ./Core/Src/syscalls.o
LOAD ./Core/Src/sysmem.o
LOAD ./Core/Src/system_stm32f4xx.o
LOAD ./Core/Startup/startup_stm32f407vgtx.o
LOAD ./Drivers/STM32F4xx_HAL_Driver/Src/stm32f4xx_hal.o
LOAD ./Drivers/STM32F4xx_HAL_Driver/Src/stm32f4xx_hal_cortex.o
LOAD ./Drivers/STM32F4xx_HAL_Driver/Src/stm32f4xx_hal_dma.o
LOAD ./Drivers/STM32F4xx_HAL_Driver/Src/stm32f4xx_hal_dma_ex.o
LOAD ./Drivers/STM32F4xx_HAL_Driver/Src/stm32f4xx_hal_exti.o
LOAD ./Drivers/STM32F4xx_HAL_Driver/Src/stm32f4xx_hal_flash.o
LOAD ./Drivers/STM32F4xx_HAL_Driver/Src/stm32f4xx_hal_flash_ex.o
LOAD ./Drivers/STM32F4xx_HAL_Driver/Src/stm32f4xx_hal_flash_ramfunc.o
LOAD ./Drivers/STM32F4xx_HAL_Driver/Src/stm32f4xx_hal_gpio.o
LOAD ./Drivers/STM32F4xx_HAL_Driver/Src/stm32f4xx_hal_pwr.o
LOAD ./Drivers/STM32F4xx_HAL_Driver/Src/stm32f4xx_hal_pwr_ex.o
LOAD ./Drivers/STM32F4xx_HAL_Driver/Src/stm32f4xx_hal_rcc.o
LOAD ./Drivers/STM32F4xx_HAL_Driver/Src/stm32f4xx_hal_rcc_ex.o
LOAD ./Drivers/STM32F4xx_HAL_Driver/Src/stm32f4xx_hal_spi.o
LOAD ./Drivers/STM32F4xx_HAL_Driver/Src/stm32f4xx_hal_tim.o
LOAD ./Drivers/STM32F4xx_HAL_Driver/Src/stm32f4xx_hal_tim_ex.o
LOAD ./Drivers/STM32F4xx_HAL_Driver/Src/stm32f4xx_hal_uart.o
LOAD ./FreeRTOS/croutine.o
LOAD ./FreeRTOS/event_groups.o
LOAD ./FreeRTOS/list.o
LOAD ./FreeRTOS/queue.o
LOAD ./FreeRTOS/stream_buffer.o
LOAD ./FreeRTOS/tasks.o
LOAD ./FreeRTOS/timers.o
LOAD ./FreeRTOS/portable/ARM_CM4F/port.o
LOAD ./FreeRTOS/portable/MemMang/heap_4.o
START GROUP
LOAD /Applications/STM32CubeIDE.app/Contents/Eclipse/plugins/com.st.stm32cube.ide.mcu.externaltools.gnu-tools-for-stm32.11.3.rel1.macos64_1.1.1.202309131626/tools/bin/../lib/gcc/arm-none-eabi/11.3.1/../../../../arm-none-eabi/lib/thumb/v7e-m+fp/hard/libc_nano.a
LOAD /Applications/STM32CubeIDE.app/Contents/Eclipse/plugins/com.st.stm32cube.ide.mcu.externaltools.gnu-tools-for-stm32.11.3.rel1.macos64_1.1.1.202309131626/tools/bin/../lib/gcc/arm-none-eabi/11.3.1/../../../../arm-none-eabi/lib/thumb/v7e-m+fp/hard/libm.a
END GROUP
START GROUP
LOAD /Applications/STM32CubeIDE.app/Contents/Eclipse/plugins/com.st.stm32cube.ide.mcu.externaltools.gnu-tools-for-stm32.11.3.rel1.macos64_1.1.1.202309131626/tools/bin/../lib/gcc/arm-none-eabi/11.3.1/thumb/v7e-m+fp/hard/libgcc.a
LOAD /Applications/STM32CubeIDE.app/Contents/Eclipse/plugins/com.st.stm32cube.ide.mcu.externaltools.gnu-tools-for-stm32.11.3.rel1.macos64_1.1.1.202309131626/tools/bin/../lib/gcc/arm-none-eabi/11.3.1/../../../../arm-none-eabi/lib/thumb/v7e-m+fp/hard/libc_nano.a
END GROUP
START GROUP
LOAD /Applications/STM32CubeIDE.app/Contents/Eclipse/plugins/com.st.stm32cube.ide.mcu.externaltools.gnu-tools-for-stm32.11.3.rel1.macos64_1.1.1.202309131626/tools/bin/../lib/gcc/arm-none-eabi/11.3.1/thumb/v7e-m+fp/hard/libgcc.a
LOAD /Applications/STM32CubeIDE.app/Contents/Eclipse/plugins/com.st.stm32cube.ide.mcu.externaltools.gnu-tools-for-stm32.11.3.rel1.macos64_1.1.1.202309131626/tools/bin/../lib/gcc/arm-none-eabi/11.3.1/../../../../arm-none-eabi/lib/thumb/v7e-m+fp/hard/libc_nano.a
LOAD /Applications/STM32CubeIDE.app/Contents/Eclipse/plugins/com.st.stm32cube.ide.mcu.externaltools.gnu-tools-for-stm32.11.3.rel1.macos64_1.1.1.202309131626/tools/bin/../lib/gcc/arm-none-eabi/11.3.1/../../../../arm-none-eabi/lib/thumb/v7e-m+fp/hard/libnosys.a
END GROUP
START GROUP
LOAD /Applications/STM32CubeIDE.app/Contents/Eclipse/plugins/com.st.stm32cube.ide.mcu.externaltools.gnu-tools-for-stm32.11.3.rel1.macos64_1.1.1.202309131626/tools/bin/../lib/gcc/arm-none-eabi/11.3.1/thumb/v7e-m+fp/hard/libgcc.a
LOAD /Applications/STM32CubeIDE.app/Contents/Eclipse/plugins/com.st.stm32cube.ide.mcu.externaltools.gnu-tools-for-stm32.11.3.rel1.macos64_1.1.1.202309131626/tools/bin/../lib/gcc/arm-none-eabi/11.3.1/../../../../arm-none-eabi/lib/thumb/v7e-m+fp/hard/libc_nano.a
LOAD /Applications/STM32CubeIDE.app/Contents/Eclipse/plugins/com.st.stm32cube.ide.mcu.externaltools.gnu-tools-for-stm32.11.3.rel1.macos64_1.1.1.202309131626/tools/bin/../lib/gcc/arm-none-eabi/11.3.1/../../../../arm-none-eabi/lib/thumb/v7e-m+fp/hard/libnosys.a
END GROUP
LOAD /Applications/STM32CubeIDE.app/Contents/Eclipse/plugins/com.st.stm32cube.ide.mcu.externaltools.gnu-tools-for-stm32.11.3.rel1.macos64_1.1.1.202309131626/tools/bin/../lib/gcc/arm-none-eabi/11.3.1/thumb/v7e-m+fp/hard/crtend.o
LOAD /Applications/STM32CubeIDE.app/Contents/Eclipse/plugins/com.st.stm32cube.ide.mcu.externaltools.gnu-tools-for-stm32.11.3.rel1.macos64_1.1.1.202309131626/tools/bin/../lib/gcc/arm-none-eabi/11.3.1/thumb/v7e-m+fp/hard/crtn.o
                0x0000000020020000                _estack = (ORIGIN (RAM) + LENGTH (RAM))
                0x0000000000000200                _Min_Heap_Size = 0x200
                0x0000000000000400                _Min_Stack_Size = 0x400

.isr_vector     0x0000000008000000      0x188
                0x0000000008000000                . = ALIGN (0x4)
 *(.isr_vector)
 .isr_vector    0x0000000008000000      0x188 ./Core/Startup/startup_stm32f407vgtx.o
                0x0000000008000000                g_pfnVectors
                0x0000000008000188                . = ALIGN (0x4)

.text           0x0000000008000190     0x5f08
                0x0000000008000190                . = ALIGN (0x4)
 *(.text)
 .text          0x0000000008000190       0x40 /Applications/STM32CubeIDE.app/Contents/Eclipse/plugins/com.st.stm32cube.ide.mcu.externaltools.gnu-tools-for-stm32.11.3.rel1.macos64_1.1.1.202309131626/tools/bin/../lib/gcc/arm-none-eabi/11.3.1/thumb/v7e-m+fp/hard/crtbegin.o
 .text          0x00000000080001d0       0x30 /Applications/STM32CubeIDE.app/Contents/Eclipse/plugins/com.st.stm32cube.ide.mcu.externaltools.gnu-tools-for-stm32.11.3.rel1.macos64_1.1.1.202309131626/tools/bin/../lib/gcc/arm-none-eabi/11.3.1/thumb/v7e-m+fp/hard/libgcc.a(_aeabi_uldivmod.o)
                0x00000000080001d0                __aeabi_uldivmod
 .text          0x0000000008000200      0x2c8 /Applications/STM32CubeIDE.app/Contents/Eclipse/plugins/com.st.stm32cube.ide.mcu.externaltools.gnu-tools-for-stm32.11.3.rel1.macos64_1.1.1.202309131626/tools/bin/../lib/gcc/arm-none-eabi/11.3.1/thumb/v7e-m+fp/hard/libgcc.a(_udivmoddi4.o)
                0x0000000008000200                __udivmoddi4
 .text          0x00000000080004c8        0x4 /Applications/STM32CubeIDE.app/Contents/Eclipse/plugins/com.st.stm32cube.ide.mcu.externaltools.gnu-tools-for-stm32.11.3.rel1.macos64_1.1.1.202309131626/tools/bin/../lib/gcc/arm-none-eabi/11.3.1/thumb/v7e-m+fp/hard/libgcc.a(_dvmd_tls.o)
                0x00000000080004c8                __aeabi_ldiv0
                0x00000000080004c8                __aeabi_idiv0
 *(.text*)
 .text.MEMS_Write
                0x00000000080004cc       0x4c ./Core/Src/main.o
                0x00000000080004cc                MEMS_Write
 .text.MEMS_Read
                0x0000000008000518       0x54 ./Core/Src/main.o
                0x0000000008000518                MEMS_Read
 .text.Green_LED_Task
                0x000000000800056c       0x30 ./Core/Src/main.o
                0x000000000800056c                Green_LED_Task
 .text.vHandlerTask
                0x000000000800059c       0x68 ./Core/Src/main.o
                0x000000000800059c                vHandlerTask
 .text.HAL_GPIO_EXTI_Callback
                0x0000000008000604       0x54 ./Core/Src/main.o
                0x0000000008000604                HAL_GPIO_EXTI_Callback
 .text.main     0x0000000008000658       0xa8 ./Core/Src/main.o
                0x0000000008000658                main
 .text.SystemClock_Config
                0x0000000008000700       0xd4 ./Core/Src/main.o
                0x0000000008000700                SystemClock_Config
 .text.MX_SPI1_Init
                0x00000000080007d4       0x6c ./Core/Src/main.o
 .text.MX_USART2_UART_Init
                0x0000000008000840       0x54 ./Core/Src/main.o
 .text.MX_GPIO_Init
                0x0000000008000894      0x2ac ./Core/Src/main.o
 .text.HAL_TIM_PeriodElapsedCallback
                0x0000000008000b40       0x24 ./Core/Src/main.o
                0x0000000008000b40                HAL_TIM_PeriodElapsedCallback
 .text.Error_Handler
                0x0000000008000b64        0xa ./Core/Src/main.o
                0x0000000008000b64                Error_Handler
 *fill*         0x0000000008000b6e        0x2 
 .text.HAL_MspInit
                0x0000000008000b70       0x50 ./Core/Src/stm32f4xx_hal_msp.o
                0x0000000008000b70                HAL_MspInit
 .text.HAL_SPI_MspInit
                0x0000000008000bc0       0x90 ./Core/Src/stm32f4xx_hal_msp.o
                0x0000000008000bc0                HAL_SPI_MspInit
 .text.HAL_UART_MspInit
                0x0000000008000c50       0x90 ./Core/Src/stm32f4xx_hal_msp.o
                0x0000000008000c50                HAL_UART_MspInit
 .text.HAL_InitTick
                0x0000000008000ce0       0xf8 ./Core/Src/stm32f4xx_hal_timebase_tim.o
                0x0000000008000ce0                HAL_InitTick
 .text.NMI_Handler
                0x0000000008000dd8        0x6 ./Core/Src/stm32f4xx_it.o
                0x0000000008000dd8                NMI_Handler
 .text.HardFault_Handler
                0x0000000008000dde        0x6 ./Core/Src/stm32f4xx_it.o
                0x0000000008000dde                HardFault_Handler
 .text.MemManage_Handler
                0x0000000008000de4        0x6 ./Core/Src/stm32f4xx_it.o
                0x0000000008000de4                MemManage_Handler
 .text.BusFault_Handler
                0x0000000008000dea        0x6 ./Core/Src/stm32f4xx_it.o
                0x0000000008000dea                BusFault_Handler
 .text.UsageFault_Handler
                0x0000000008000df0        0x6 ./Core/Src/stm32f4xx_it.o
                0x0000000008000df0                UsageFault_Handler
 .text.DebugMon_Handler
                0x0000000008000df6        0xe ./Core/Src/stm32f4xx_it.o
                0x0000000008000df6                DebugMon_Handler
 .text.EXTI0_IRQHandler
                0x0000000008000e04        0xe ./Core/Src/stm32f4xx_it.o
                0x0000000008000e04                EXTI0_IRQHandler
 *fill*         0x0000000008000e12        0x2 
 .text.TIM7_IRQHandler
                0x0000000008000e14       0x14 ./Core/Src/stm32f4xx_it.o
                0x0000000008000e14                TIM7_IRQHandler
 .text.SystemInit
                0x0000000008000e28       0x24 ./Core/Src/system_stm32f4xx.o
                0x0000000008000e28                SystemInit
 .text.Reset_Handler
                0x0000000008000e4c       0x50 ./Core/Startup/startup_stm32f407vgtx.o
                0x0000000008000e4c                Reset_Handler
 .text.Default_Handler
                0x0000000008000e9c        0x2 ./Core/Startup/startup_stm32f407vgtx.o
                0x0000000008000e9c                DMA1_Stream3_IRQHandler
                0x0000000008000e9c                HASH_RNG_IRQHandler
                0x0000000008000e9c                EXTI2_IRQHandler
                0x0000000008000e9c                TIM8_CC_IRQHandler
                0x0000000008000e9c                TIM1_CC_IRQHandler
                0x0000000008000e9c                DMA2_Stream5_IRQHandler
                0x0000000008000e9c                DMA1_Stream5_IRQHandler
                0x0000000008000e9c                PVD_IRQHandler
                0x0000000008000e9c                SDIO_IRQHandler
                0x0000000008000e9c                TAMP_STAMP_IRQHandler
                0x0000000008000e9c                CAN2_RX1_IRQHandler
                0x0000000008000e9c                EXTI3_IRQHandler
                0x0000000008000e9c                TIM8_TRG_COM_TIM14_IRQHandler
                0x0000000008000e9c                TIM1_UP_TIM10_IRQHandler
                0x0000000008000e9c                TIM8_UP_TIM13_IRQHandler
                0x0000000008000e9c                I2C3_ER_IRQHandler
                0x0000000008000e9c                I2C2_EV_IRQHandler
                0x0000000008000e9c                DMA1_Stream2_IRQHandler
                0x0000000008000e9c                CAN1_RX0_IRQHandler
                0x0000000008000e9c                FPU_IRQHandler
                0x0000000008000e9c                OTG_HS_WKUP_IRQHandler
                0x0000000008000e9c                CAN2_SCE_IRQHandler
                0x0000000008000e9c                DMA2_Stream2_IRQHandler
                0x0000000008000e9c                SPI1_IRQHandler
                0x0000000008000e9c                TIM6_DAC_IRQHandler
                0x0000000008000e9c                TIM1_BRK_TIM9_IRQHandler
                0x0000000008000e9c                DCMI_IRQHandler
                0x0000000008000e9c                CAN2_RX0_IRQHandler
                0x0000000008000e9c                DMA2_Stream3_IRQHandler
                0x0000000008000e9c                USART6_IRQHandler
                0x0000000008000e9c                USART3_IRQHandler
                0x0000000008000e9c                CAN1_RX1_IRQHandler
                0x0000000008000e9c                UART5_IRQHandler
                0x0000000008000e9c                DMA2_Stream0_IRQHandler
                0x0000000008000e9c                TIM4_IRQHandler
                0x0000000008000e9c                I2C1_EV_IRQHandler
                0x0000000008000e9c                DMA1_Stream6_IRQHandler
                0x0000000008000e9c                DMA1_Stream1_IRQHandler
                0x0000000008000e9c                UART4_IRQHandler
                0x0000000008000e9c                TIM3_IRQHandler
                0x0000000008000e9c                RCC_IRQHandler
                0x0000000008000e9c                TIM8_BRK_TIM12_IRQHandler
                0x0000000008000e9c                Default_Handler
                0x0000000008000e9c                EXTI15_10_IRQHandler
                0x0000000008000e9c                ADC_IRQHandler
                0x0000000008000e9c                DMA1_Stream7_IRQHandler
                0x0000000008000e9c                CAN2_TX_IRQHandler
                0x0000000008000e9c                TIM5_IRQHandler
                0x0000000008000e9c                DMA2_Stream7_IRQHandler
                0x0000000008000e9c                I2C3_EV_IRQHandler
                0x0000000008000e9c                EXTI9_5_IRQHandler
                0x0000000008000e9c                RTC_WKUP_IRQHandler
                0x0000000008000e9c                ETH_WKUP_IRQHandler
                0x0000000008000e9c                SPI2_IRQHandler
                0x0000000008000e9c                OTG_HS_EP1_IN_IRQHandler
                0x0000000008000e9c                DMA1_Stream0_IRQHandler
                0x0000000008000e9c                CAN1_TX_IRQHandler
                0x0000000008000e9c                EXTI4_IRQHandler
                0x0000000008000e9c                FSMC_IRQHandler
                0x0000000008000e9c                ETH_IRQHandler
                0x0000000008000e9c                OTG_HS_EP1_OUT_IRQHandler
                0x0000000008000e9c                WWDG_IRQHandler
                0x0000000008000e9c                TIM2_IRQHandler
                0x0000000008000e9c                OTG_FS_WKUP_IRQHandler
                0x0000000008000e9c                TIM1_TRG_COM_TIM11_IRQHandler
                0x0000000008000e9c                OTG_HS_IRQHandler
                0x0000000008000e9c                EXTI1_IRQHandler
                0x0000000008000e9c                USART2_IRQHandler
                0x0000000008000e9c                I2C2_ER_IRQHandler
                0x0000000008000e9c                DMA2_Stream1_IRQHandler
                0x0000000008000e9c                CAN1_SCE_IRQHandler
                0x0000000008000e9c                FLASH_IRQHandler
                0x0000000008000e9c                DMA2_Stream4_IRQHandler
                0x0000000008000e9c                USART1_IRQHandler
                0x0000000008000e9c                OTG_FS_IRQHandler
                0x0000000008000e9c                SPI3_IRQHandler
                0x0000000008000e9c                DMA1_Stream4_IRQHandler
                0x0000000008000e9c                I2C1_ER_IRQHandler
                0x0000000008000e9c                DMA2_Stream6_IRQHandler
                0x0000000008000e9c                RTC_Alarm_IRQHandler
 *fill*         0x0000000008000e9e        0x2 
 .text.HAL_Init
                0x0000000008000ea0       0x44 ./Drivers/STM32F4xx_HAL_Driver/Src/stm32f4xx_hal.o
                0x0000000008000ea0                HAL_Init
 .text.HAL_IncTick
                0x0000000008000ee4       0x28 ./Drivers/STM32F4xx_HAL_Driver/Src/stm32f4xx_hal.o
                0x0000000008000ee4                HAL_IncTick
 .text.HAL_GetTick
                0x0000000008000f0c       0x18 ./Drivers/STM32F4xx_HAL_Driver/Src/stm32f4xx_hal.o
                0x0000000008000f0c                HAL_GetTick
 .text.__NVIC_SetPriorityGrouping
                0x0000000008000f24       0x48 ./Drivers/STM32F4xx_HAL_Driver/Src/stm32f4xx_hal_cortex.o
 .text.__NVIC_GetPriorityGrouping
                0x0000000008000f6c       0x1c ./Drivers/STM32F4xx_HAL_Driver/Src/stm32f4xx_hal_cortex.o
 .text.__NVIC_EnableIRQ
                0x0000000008000f88       0x3c ./Drivers/STM32F4xx_HAL_Driver/Src/stm32f4xx_hal_cortex.o
 .text.__NVIC_SetPriority
                0x0000000008000fc4       0x54 ./Drivers/STM32F4xx_HAL_Driver/Src/stm32f4xx_hal_cortex.o
 .text.NVIC_EncodePriority
                0x0000000008001018       0x66 ./Drivers/STM32F4xx_HAL_Driver/Src/stm32f4xx_hal_cortex.o
 .text.HAL_NVIC_SetPriorityGrouping
                0x000000000800107e       0x16 ./Drivers/STM32F4xx_HAL_Driver/Src/stm32f4xx_hal_cortex.o
                0x000000000800107e                HAL_NVIC_SetPriorityGrouping
 .text.HAL_NVIC_SetPriority
                0x0000000008001094       0x38 ./Drivers/STM32F4xx_HAL_Driver/Src/stm32f4xx_hal_cortex.o
                0x0000000008001094                HAL_NVIC_SetPriority
 .text.HAL_NVIC_EnableIRQ
                0x00000000080010cc       0x1c ./Drivers/STM32F4xx_HAL_Driver/Src/stm32f4xx_hal_cortex.o
                0x00000000080010cc                HAL_NVIC_EnableIRQ
 .text.HAL_GPIO_Init
                0x00000000080010e8      0x338 ./Drivers/STM32F4xx_HAL_Driver/Src/stm32f4xx_hal_gpio.o
                0x00000000080010e8                HAL_GPIO_Init
 .text.HAL_GPIO_WritePin
                0x0000000008001420       0x32 ./Drivers/STM32F4xx_HAL_Driver/Src/stm32f4xx_hal_gpio.o
                0x0000000008001420                HAL_GPIO_WritePin
 .text.HAL_GPIO_TogglePin
                0x0000000008001452       0x34 ./Drivers/STM32F4xx_HAL_Driver/Src/stm32f4xx_hal_gpio.o
                0x0000000008001452                HAL_GPIO_TogglePin
 *fill*         0x0000000008001486        0x2 
 .text.HAL_GPIO_EXTI_IRQHandler
                0x0000000008001488       0x30 ./Drivers/STM32F4xx_HAL_Driver/Src/stm32f4xx_hal_gpio.o
                0x0000000008001488                HAL_GPIO_EXTI_IRQHandler
 .text.HAL_RCC_OscConfig
                0x00000000080014b8      0x4f0 ./Drivers/STM32F4xx_HAL_Driver/Src/stm32f4xx_hal_rcc.o
                0x00000000080014b8                HAL_RCC_OscConfig
 .text.HAL_RCC_ClockConfig
                0x00000000080019a8      0x1cc ./Drivers/STM32F4xx_HAL_Driver/Src/stm32f4xx_hal_rcc.o
                0x00000000080019a8                HAL_RCC_ClockConfig
 .text.HAL_RCC_GetSysClockFreq
                0x0000000008001b74      0x20c ./Drivers/STM32F4xx_HAL_Driver/Src/stm32f4xx_hal_rcc.o
                0x0000000008001b74                HAL_RCC_GetSysClockFreq
 .text.HAL_RCC_GetHCLKFreq
                0x0000000008001d80       0x18 ./Drivers/STM32F4xx_HAL_Driver/Src/stm32f4xx_hal_rcc.o
                0x0000000008001d80                HAL_RCC_GetHCLKFreq
 .text.HAL_RCC_GetPCLK1Freq
                0x0000000008001d98       0x28 ./Drivers/STM32F4xx_HAL_Driver/Src/stm32f4xx_hal_rcc.o
                0x0000000008001d98                HAL_RCC_GetPCLK1Freq
 .text.HAL_RCC_GetPCLK2Freq
                0x0000000008001dc0       0x28 ./Drivers/STM32F4xx_HAL_Driver/Src/stm32f4xx_hal_rcc.o
                0x0000000008001dc0                HAL_RCC_GetPCLK2Freq
 .text.HAL_RCC_GetClockConfig
                0x0000000008001de8       0x64 ./Drivers/STM32F4xx_HAL_Driver/Src/stm32f4xx_hal_rcc.o
                0x0000000008001de8                HAL_RCC_GetClockConfig
 .text.HAL_SPI_Init
                0x0000000008001e4c      0x112 ./Drivers/STM32F4xx_HAL_Driver/Src/stm32f4xx_hal_spi.o
                0x0000000008001e4c                HAL_SPI_Init
 .text.HAL_SPI_Transmit
                0x0000000008001f5e      0x278 ./Drivers/STM32F4xx_HAL_Driver/Src/stm32f4xx_hal_spi.o
                0x0000000008001f5e                HAL_SPI_Transmit
 .text.HAL_SPI_Receive
                0x00000000080021d6      0x222 ./Drivers/STM32F4xx_HAL_Driver/Src/stm32f4xx_hal_spi.o
                0x00000000080021d6                HAL_SPI_Receive
 .text.HAL_SPI_TransmitReceive
                0x00000000080023f8      0x344 ./Drivers/STM32F4xx_HAL_Driver/Src/stm32f4xx_hal_spi.o
                0x00000000080023f8                HAL_SPI_TransmitReceive
 .text.SPI_WaitFlagStateUntilTimeout
                0x000000000800273c      0x110 ./Drivers/STM32F4xx_HAL_Driver/Src/stm32f4xx_hal_spi.o
 .text.SPI_EndRxTransaction
                0x000000000800284c       0xca ./Drivers/STM32F4xx_HAL_Driver/Src/stm32f4xx_hal_spi.o
 *fill*         0x0000000008002916        0x2 
 .text.SPI_EndRxTxTransaction
                0x0000000008002918       0x84 ./Drivers/STM32F4xx_HAL_Driver/Src/stm32f4xx_hal_spi.o
 .text.HAL_TIM_Base_Init
                0x000000000800299c       0x9e ./Drivers/STM32F4xx_HAL_Driver/Src/stm32f4xx_hal_tim.o
                0x000000000800299c                HAL_TIM_Base_Init
 .text.HAL_TIM_Base_MspInit
                0x0000000008002a3a       0x14 ./Drivers/STM32F4xx_HAL_Driver/Src/stm32f4xx_hal_tim.o
                0x0000000008002a3a                HAL_TIM_Base_MspInit
 *fill*         0x0000000008002a4e        0x2 
 .text.HAL_TIM_Base_Start_IT
                0x0000000008002a50       0xe0 ./Drivers/STM32F4xx_HAL_Driver/Src/stm32f4xx_hal_tim.o
                0x0000000008002a50                HAL_TIM_Base_Start_IT
 .text.HAL_TIM_IRQHandler
                0x0000000008002b30      0x210 ./Drivers/STM32F4xx_HAL_Driver/Src/stm32f4xx_hal_tim.o
                0x0000000008002b30                HAL_TIM_IRQHandler
 .text.HAL_TIM_OC_DelayElapsedCallback
                0x0000000008002d40       0x14 ./Drivers/STM32F4xx_HAL_Driver/Src/stm32f4xx_hal_tim.o
                0x0000000008002d40                HAL_TIM_OC_DelayElapsedCallback
 .text.HAL_TIM_IC_CaptureCallback
                0x0000000008002d54       0x14 ./Drivers/STM32F4xx_HAL_Driver/Src/stm32f4xx_hal_tim.o
                0x0000000008002d54                HAL_TIM_IC_CaptureCallback
 .text.HAL_TIM_PWM_PulseFinishedCallback
                0x0000000008002d68       0x14 ./Drivers/STM32F4xx_HAL_Driver/Src/stm32f4xx_hal_tim.o
                0x0000000008002d68                HAL_TIM_PWM_PulseFinishedCallback
 .text.HAL_TIM_TriggerCallback
                0x0000000008002d7c       0x14 ./Drivers/STM32F4xx_HAL_Driver/Src/stm32f4xx_hal_tim.o
                0x0000000008002d7c                HAL_TIM_TriggerCallback
 .text.TIM_Base_SetConfig
                0x0000000008002d90      0x140 ./Drivers/STM32F4xx_HAL_Driver/Src/stm32f4xx_hal_tim.o
                0x0000000008002d90                TIM_Base_SetConfig
 .text.HAL_TIMEx_CommutCallback
                0x0000000008002ed0       0x14 ./Drivers/STM32F4xx_HAL_Driver/Src/stm32f4xx_hal_tim_ex.o
                0x0000000008002ed0                HAL_TIMEx_CommutCallback
 .text.HAL_TIMEx_BreakCallback
                0x0000000008002ee4       0x14 ./Drivers/STM32F4xx_HAL_Driver/Src/stm32f4xx_hal_tim_ex.o
                0x0000000008002ee4                HAL_TIMEx_BreakCallback
 .text.HAL_UART_Init
                0x0000000008002ef8       0x9a ./Drivers/STM32F4xx_HAL_Driver/Src/stm32f4xx_hal_uart.o
                0x0000000008002ef8                HAL_UART_Init
 *fill*         0x0000000008002f92        0x2 
 .text.UART_SetConfig
                0x0000000008002f94      0x4e8 ./Drivers/STM32F4xx_HAL_Driver/Src/stm32f4xx_hal_uart.o
 .text.vListInitialise
                0x000000000800347c       0x40 ./FreeRTOS/list.o
                0x000000000800347c                vListInitialise
 .text.vListInitialiseItem
                0x00000000080034bc       0x1a ./FreeRTOS/list.o
                0x00000000080034bc                vListInitialiseItem
 .text.vListInsertEnd
                0x00000000080034d6       0x48 ./FreeRTOS/list.o
                0x00000000080034d6                vListInsertEnd
 .text.vListInsert
                0x000000000800351e       0x72 ./FreeRTOS/list.o
                0x000000000800351e                vListInsert
 .text.uxListRemove
                0x0000000008003590       0x54 ./FreeRTOS/list.o
                0x0000000008003590                uxListRemove
 .text.xQueueGenericReset
                0x00000000080035e4       0xd0 ./FreeRTOS/queue.o
                0x00000000080035e4                xQueueGenericReset
 .text.xQueueGenericCreate
                0x00000000080036b4       0x78 ./FreeRTOS/queue.o
                0x00000000080036b4                xQueueGenericCreate
 .text.prvInitialiseNewQueue
                0x000000000800372c       0x46 ./FreeRTOS/queue.o
 *fill*         0x0000000008003772        0x2 
 .text.xQueueGenericSend
                0x0000000008003774      0x1fc ./FreeRTOS/queue.o
                0x0000000008003774                xQueueGenericSend
 .text.xQueueGenericSendFromISR
                0x0000000008003970      0x130 ./FreeRTOS/queue.o
                0x0000000008003970                xQueueGenericSendFromISR
 .text.xQueueGiveFromISR
                0x0000000008003aa0      0x11a ./FreeRTOS/queue.o
                0x0000000008003aa0                xQueueGiveFromISR
 *fill*         0x0000000008003bba        0x2 
 .text.xQueueReceive
                0x0000000008003bbc      0x1c0 ./FreeRTOS/queue.o
                0x0000000008003bbc                xQueueReceive
 .text.xQueueSemaphoreTake
                0x0000000008003d7c      0x218 ./FreeRTOS/queue.o
                0x0000000008003d7c                xQueueSemaphoreTake
 .text.prvGetDisinheritPriorityAfterTimeout
                0x0000000008003f94       0x30 ./FreeRTOS/queue.o
 .text.prvCopyDataToQueue
                0x0000000008003fc4       0xd4 ./FreeRTOS/queue.o
 .text.prvCopyDataFromQueue
                0x0000000008004098       0x4c ./FreeRTOS/queue.o
 .text.prvUnlockQueue
                0x00000000080040e4       0xa4 ./FreeRTOS/queue.o
 .text.prvIsQueueEmpty
                0x0000000008004188       0x2c ./FreeRTOS/queue.o
 .text.prvIsQueueFull
                0x00000000080041b4       0x30 ./FreeRTOS/queue.o
 .text.vQueueAddToRegistry
                0x00000000080041e4       0x54 ./FreeRTOS/queue.o
                0x00000000080041e4                vQueueAddToRegistry
 .text.vQueueWaitForMessageRestricted
                0x0000000008004238       0x68 ./FreeRTOS/queue.o
                0x0000000008004238                vQueueWaitForMessageRestricted
 .text.xTaskCreate
                0x00000000080042a0       0x82 ./FreeRTOS/tasks.o
                0x00000000080042a0                xTaskCreate
 .text.prvInitialiseNewTask
                0x0000000008004322      0x11e ./FreeRTOS/tasks.o
 .text.prvAddNewTaskToReadyList
                0x0000000008004440       0xdc ./FreeRTOS/tasks.o
 .text.vTaskStartScheduler
                0x000000000800451c       0x9c ./FreeRTOS/tasks.o
                0x000000000800451c                vTaskStartScheduler
 .text.vTaskSuspendAll
                0x00000000080045b8       0x1c ./FreeRTOS/tasks.o
                0x00000000080045b8                vTaskSuspendAll
 .text.xTaskResumeAll
                0x00000000080045d4      0x138 ./FreeRTOS/tasks.o
                0x00000000080045d4                xTaskResumeAll
 .text.xTaskGetTickCount
                0x000000000800470c       0x20 ./FreeRTOS/tasks.o
                0x000000000800470c                xTaskGetTickCount
 .text.xTaskIncrementTick
                0x000000000800472c      0x170 ./FreeRTOS/tasks.o
                0x000000000800472c                xTaskIncrementTick
 .text.vTaskSwitchContext
                0x000000000800489c       0xb8 ./FreeRTOS/tasks.o
                0x000000000800489c                vTaskSwitchContext
 .text.vTaskPlaceOnEventList
                0x0000000008004954       0x48 ./FreeRTOS/tasks.o
                0x0000000008004954                vTaskPlaceOnEventList
 .text.vTaskPlaceOnEventListRestricted
                0x000000000800499c       0x58 ./FreeRTOS/tasks.o
                0x000000000800499c                vTaskPlaceOnEventListRestricted
 .text.xTaskRemoveFromEventList
                0x00000000080049f4       0xc4 ./FreeRTOS/tasks.o
                0x00000000080049f4                xTaskRemoveFromEventList
 .text.vTaskInternalSetTimeOutState
                0x0000000008004ab8       0x2c ./FreeRTOS/tasks.o
                0x0000000008004ab8                vTaskInternalSetTimeOutState
 .text.xTaskCheckForTimeOut
                0x0000000008004ae4       0xc4 ./FreeRTOS/tasks.o
                0x0000000008004ae4                xTaskCheckForTimeOut
 .text.vTaskMissedYield
                0x0000000008004ba8       0x18 ./FreeRTOS/tasks.o
                0x0000000008004ba8                vTaskMissedYield
 .text.prvIdleTask
                0x0000000008004bc0       0x30 ./FreeRTOS/tasks.o
 .text.prvInitialiseTaskLists
                0x0000000008004bf0       0x80 ./FreeRTOS/tasks.o
 .text.prvCheckTasksWaitingTermination
                0x0000000008004c70       0x5c ./FreeRTOS/tasks.o
 .text.prvDeleteTCB
                0x0000000008004ccc       0x20 ./FreeRTOS/tasks.o
 .text.prvResetNextTaskUnblockTime
                0x0000000008004cec       0x40 ./FreeRTOS/tasks.o
 .text.xTaskGetSchedulerState
                0x0000000008004d2c       0x3c ./FreeRTOS/tasks.o
                0x0000000008004d2c                xTaskGetSchedulerState
 .text.xTaskPriorityInherit
                0x0000000008004d68      0x100 ./FreeRTOS/tasks.o
                0x0000000008004d68                xTaskPriorityInherit
 .text.xTaskPriorityDisinherit
                0x0000000008004e68      0x10c ./FreeRTOS/tasks.o
                0x0000000008004e68                xTaskPriorityDisinherit
 .text.vTaskPriorityDisinheritAfterTimeout
                0x0000000008004f74      0x134 ./FreeRTOS/tasks.o
                0x0000000008004f74                vTaskPriorityDisinheritAfterTimeout
 .text.pvTaskIncrementMutexHeldCount
                0x00000000080050a8       0x28 ./FreeRTOS/tasks.o
                0x00000000080050a8                pvTaskIncrementMutexHeldCount
 .text.prvAddCurrentTaskToDelayedList
                0x00000000080050d0       0xcc ./FreeRTOS/tasks.o
 .text.xTimerCreateTimerTask
                0x000000000800519c       0x64 ./FreeRTOS/timers.o
                0x000000000800519c                xTimerCreateTimerTask
 .text.xTimerGenericCommand
                0x0000000008005200       0x9c ./FreeRTOS/timers.o
                0x0000000008005200                xTimerGenericCommand
 .text.prvProcessExpiredTimer
                0x000000000800529c       0x98 ./FreeRTOS/timers.o
 .text.prvTimerTask
                0x0000000008005334       0x24 ./FreeRTOS/timers.o
 .text.prvProcessTimerOrBlockTask
                0x0000000008005358       0x9c ./FreeRTOS/timers.o
 .text.prvGetNextExpireTime
                0x00000000080053f4       0x48 ./FreeRTOS/timers.o
 .text.prvSampleTimeNow
                0x000000000800543c       0x40 ./FreeRTOS/timers.o
 .text.prvInsertTimerInActiveList
                0x000000000800547c       0x84 ./FreeRTOS/timers.o
 .text.prvProcessReceivedCommands
                0x0000000008005500      0x18c ./FreeRTOS/timers.o
 .text.prvSwitchTimerLists
                0x000000000800568c       0xc8 ./FreeRTOS/timers.o
 .text.prvCheckForValidListAndQueue
                0x0000000008005754       0x6c ./FreeRTOS/timers.o
 .text.pxPortInitialiseStack
                0x00000000080057c0       0x68 ./FreeRTOS/portable/ARM_CM4F/port.o
                0x00000000080057c0                pxPortInitialiseStack
 .text.prvTaskExitError
                0x0000000008005828       0x58 ./FreeRTOS/portable/ARM_CM4F/port.o
 .text.SVC_Handler
                0x0000000008005880       0x28 ./FreeRTOS/portable/ARM_CM4F/port.o
                0x0000000008005880                SVC_Handler
 .text.prvPortStartFirstTask
                0x00000000080058a8       0x28 ./FreeRTOS/portable/ARM_CM4F/port.o
 .text.xPortStartScheduler
                0x00000000080058d0      0x144 ./FreeRTOS/portable/ARM_CM4F/port.o
                0x00000000080058d0                xPortStartScheduler
 .text.vPortEnterCritical
                0x0000000008005a14       0x60 ./FreeRTOS/portable/ARM_CM4F/port.o
                0x0000000008005a14                vPortEnterCritical
 .text.vPortExitCritical
                0x0000000008005a74       0x54 ./FreeRTOS/portable/ARM_CM4F/port.o
                0x0000000008005a74                vPortExitCritical
 *fill*         0x0000000008005ac8        0x8 
 .text.PendSV_Handler
                0x0000000008005ad0       0x68 ./FreeRTOS/portable/ARM_CM4F/port.o
                0x0000000008005ad0                PendSV_Handler
 .text.SysTick_Handler
                0x0000000008005b38       0x44 ./FreeRTOS/portable/ARM_CM4F/port.o
                0x0000000008005b38                SysTick_Handler
 .text.vPortSetupTimerInterrupt
                0x0000000008005b7c       0x48 ./FreeRTOS/portable/ARM_CM4F/port.o
                0x0000000008005b7c                vPortSetupTimerInterrupt
 .text.vPortEnableVFP
                0x0000000008005bc4       0x14 ./FreeRTOS/portable/ARM_CM4F/port.o
 .text.vPortValidateInterruptPriority
                0x0000000008005bd8       0x80 ./FreeRTOS/portable/ARM_CM4F/port.o
                0x0000000008005bd8                vPortValidateInterruptPriority
 .text.pvPortMalloc
                0x0000000008005c58      0x188 ./FreeRTOS/portable/MemMang/heap_4.o
                0x0000000008005c58                pvPortMalloc
 .text.vPortFree
                0x0000000008005de0       0xb4 ./FreeRTOS/portable/MemMang/heap_4.o
                0x0000000008005de0                vPortFree
 .text.prvHeapInit
                0x0000000008005e94       0xc4 ./FreeRTOS/portable/MemMang/heap_4.o
 .text.prvInsertBlockIntoFreeList
                0x0000000008005f58       0xb4 ./FreeRTOS/portable/MemMang/heap_4.o
 .text.memset   0x000000000800600c       0x10 /Applications/STM32CubeIDE.app/Contents/Eclipse/plugins/com.st.stm32cube.ide.mcu.externaltools.gnu-tools-for-stm32.11.3.rel1.macos64_1.1.1.202309131626/tools/bin/../lib/gcc/arm-none-eabi/11.3.1/../../../../arm-none-eabi/lib/thumb/v7e-m+fp/hard/libc_nano.a(libc_a-memset.o)
                0x000000000800600c                memset
 .text.__libc_init_array
                0x000000000800601c       0x48 /Applications/STM32CubeIDE.app/Contents/Eclipse/plugins/com.st.stm32cube.ide.mcu.externaltools.gnu-tools-for-stm32.11.3.rel1.macos64_1.1.1.202309131626/tools/bin/../lib/gcc/arm-none-eabi/11.3.1/../../../../arm-none-eabi/lib/thumb/v7e-m+fp/hard/libc_nano.a(libc_a-init.o)
                0x000000000800601c                __libc_init_array
 .text.memcpy   0x0000000008006064       0x1c /Applications/STM32CubeIDE.app/Contents/Eclipse/plugins/com.st.stm32cube.ide.mcu.externaltools.gnu-tools-for-stm32.11.3.rel1.macos64_1.1.1.202309131626/tools/bin/../lib/gcc/arm-none-eabi/11.3.1/../../../../arm-none-eabi/lib/thumb/v7e-m+fp/hard/libc_nano.a(libc_a-memcpy-stub.o)
                0x0000000008006064                memcpy
 *(.glue_7)
 .glue_7        0x0000000008006080        0x0 linker stubs
 *(.glue_7t)
 .glue_7t       0x0000000008006080        0x0 linker stubs
 *(.eh_frame)
 .eh_frame      0x0000000008006080        0x0 /Applications/STM32CubeIDE.app/Contents/Eclipse/plugins/com.st.stm32cube.ide.mcu.externaltools.gnu-tools-for-stm32.11.3.rel1.macos64_1.1.1.202309131626/tools/bin/../lib/gcc/arm-none-eabi/11.3.1/thumb/v7e-m+fp/hard/crtbegin.o
 *(.init)
 .init          0x0000000008006080        0x4 /Applications/STM32CubeIDE.app/Contents/Eclipse/plugins/com.st.stm32cube.ide.mcu.externaltools.gnu-tools-for-stm32.11.3.rel1.macos64_1.1.1.202309131626/tools/bin/../lib/gcc/arm-none-eabi/11.3.1/thumb/v7e-m+fp/hard/crti.o
                0x0000000008006080                _init
 .init          0x0000000008006084        0x8 /Applications/STM32CubeIDE.app/Contents/Eclipse/plugins/com.st.stm32cube.ide.mcu.externaltools.gnu-tools-for-stm32.11.3.rel1.macos64_1.1.1.202309131626/tools/bin/../lib/gcc/arm-none-eabi/11.3.1/thumb/v7e-m+fp/hard/crtn.o
 *(.fini)
 .fini          0x000000000800608c        0x4 /Applications/STM32CubeIDE.app/Contents/Eclipse/plugins/com.st.stm32cube.ide.mcu.externaltools.gnu-tools-for-stm32.11.3.rel1.macos64_1.1.1.202309131626/tools/bin/../lib/gcc/arm-none-eabi/11.3.1/thumb/v7e-m+fp/hard/crti.o
                0x000000000800608c                _fini
 .fini          0x0000000008006090        0x8 /Applications/STM32CubeIDE.app/Contents/Eclipse/plugins/com.st.stm32cube.ide.mcu.externaltools.gnu-tools-for-stm32.11.3.rel1.macos64_1.1.1.202309131626/tools/bin/../lib/gcc/arm-none-eabi/11.3.1/thumb/v7e-m+fp/hard/crtn.o
                0x0000000008006098                . = ALIGN (0x4)
                0x0000000008006098                _etext = .

.vfp11_veneer   0x0000000008006098        0x0
 .vfp11_veneer  0x0000000008006098        0x0 linker stubs

.v4_bx          0x0000000008006098        0x0
 .v4_bx         0x0000000008006098        0x0 linker stubs

.iplt           0x0000000008006098        0x0
 .iplt          0x0000000008006098        0x0 /Applications/STM32CubeIDE.app/Contents/Eclipse/plugins/com.st.stm32cube.ide.mcu.externaltools.gnu-tools-for-stm32.11.3.rel1.macos64_1.1.1.202309131626/tools/bin/../lib/gcc/arm-none-eabi/11.3.1/thumb/v7e-m+fp/hard/crtbegin.o

.rodata         0x0000000008006098       0x4c
                0x0000000008006098                . = ALIGN (0x4)
 *(.rodata)
 .rodata        0x0000000008006098       0x19 ./Core/Src/main.o
 *fill*         0x00000000080060b1        0x3 
 .rodata        0x00000000080060b4        0x5 ./FreeRTOS/tasks.o
 *fill*         0x00000000080060b9        0x3 
 .rodata        0x00000000080060bc        0xd ./FreeRTOS/timers.o
 *(.rodata*)
 *fill*         0x00000000080060c9        0x3 
 .rodata.AHBPrescTable
                0x00000000080060cc       0x10 ./Core/Src/system_stm32f4xx.o
                0x00000000080060cc                AHBPrescTable
 .rodata.APBPrescTable
                0x00000000080060dc        0x8 ./Core/Src/system_stm32f4xx.o
                0x00000000080060dc                APBPrescTable
                0x00000000080060e4                . = ALIGN (0x4)

.ARM.extab      0x00000000080060e4        0x0
                0x00000000080060e4                . = ALIGN (0x4)
 *(.ARM.extab* .gnu.linkonce.armextab.*)
                0x00000000080060e4                . = ALIGN (0x4)

.ARM            0x00000000080060e4        0x8
                0x00000000080060e4                . = ALIGN (0x4)
                0x00000000080060e4                __exidx_start = .
 *(.ARM.exidx*)
 .ARM.exidx     0x00000000080060e4        0x8 /Applications/STM32CubeIDE.app/Contents/Eclipse/plugins/com.st.stm32cube.ide.mcu.externaltools.gnu-tools-for-stm32.11.3.rel1.macos64_1.1.1.202309131626/tools/bin/../lib/gcc/arm-none-eabi/11.3.1/thumb/v7e-m+fp/hard/libgcc.a(_udivmoddi4.o)
                0x00000000080060ec                __exidx_end = .
                0x00000000080060ec                . = ALIGN (0x4)

.rel.dyn        0x00000000080060ec        0x0
 .rel.iplt      0x00000000080060ec        0x0 /Applications/STM32CubeIDE.app/Contents/Eclipse/plugins/com.st.stm32cube.ide.mcu.externaltools.gnu-tools-for-stm32.11.3.rel1.macos64_1.1.1.202309131626/tools/bin/../lib/gcc/arm-none-eabi/11.3.1/thumb/v7e-m+fp/hard/crtbegin.o

.preinit_array  0x00000000080060ec        0x0
                0x00000000080060ec                . = ALIGN (0x4)
                0x00000000080060ec                PROVIDE (__preinit_array_start = .)
 *(.preinit_array*)
                0x00000000080060ec                PROVIDE (__preinit_array_end = .)
                0x00000000080060ec                . = ALIGN (0x4)

.init_array     0x00000000080060ec        0x4
                0x00000000080060ec                . = ALIGN (0x4)
                0x00000000080060ec                PROVIDE (__init_array_start = .)
 *(SORT_BY_NAME(.init_array.*))
 *(.init_array*)
 .init_array    0x00000000080060ec        0x4 /Applications/STM32CubeIDE.app/Contents/Eclipse/plugins/com.st.stm32cube.ide.mcu.externaltools.gnu-tools-for-stm32.11.3.rel1.macos64_1.1.1.202309131626/tools/bin/../lib/gcc/arm-none-eabi/11.3.1/thumb/v7e-m+fp/hard/crtbegin.o
                0x00000000080060f0                PROVIDE (__init_array_end = .)
                0x00000000080060f0                . = ALIGN (0x4)

.fini_array     0x00000000080060f0        0x4
                0x00000000080060f0                . = ALIGN (0x4)
                [!provide]                        PROVIDE (__fini_array_start = .)
 *(SORT_BY_NAME(.fini_array.*))
 *(.fini_array*)
 .fini_array    0x00000000080060f0        0x4 /Applications/STM32CubeIDE.app/Contents/Eclipse/plugins/com.st.stm32cube.ide.mcu.externaltools.gnu-tools-for-stm32.11.3.rel1.macos64_1.1.1.202309131626/tools/bin/../lib/gcc/arm-none-eabi/11.3.1/thumb/v7e-m+fp/hard/crtbegin.o
                [!provide]                        PROVIDE (__fini_array_end = .)
                0x00000000080060f4                . = ALIGN (0x4)
                0x00000000080060f4                _sidata = LOADADDR (.data)

.data           0x0000000020000000       0x10 load address 0x00000000080060f4
                0x0000000020000000                . = ALIGN (0x4)
                0x0000000020000000                _sdata = .
 *(.data)
 *(.data*)
 .data.SystemCoreClock
                0x0000000020000000        0x4 ./Core/Src/system_stm32f4xx.o
                0x0000000020000000                SystemCoreClock
 .data.uwTickPrio
                0x0000000020000004        0x4 ./Drivers/STM32F4xx_HAL_Driver/Src/stm32f4xx_hal.o
                0x0000000020000004                uwTickPrio
 .data.uwTickFreq
                0x0000000020000008        0x1 ./Drivers/STM32F4xx_HAL_Driver/Src/stm32f4xx_hal.o
                0x0000000020000008                uwTickFreq
 *fill*         0x0000000020000009        0x3 
 .data.uxCriticalNesting
                0x000000002000000c        0x4 ./FreeRTOS/portable/ARM_CM4F/port.o
 *(.RamFunc)
 *(.RamFunc*)
                0x0000000020000010                . = ALIGN (0x4)
                0x0000000020000010                _edata = .
                0x0000000008006104                _siccmram = LOADADDR (.ccmram)

.igot.plt       0x0000000020000010        0x0 load address 0x0000000008006104
 .igot.plt      0x0000000020000010        0x0 /Applications/STM32CubeIDE.app/Contents/Eclipse/plugins/com.st.stm32cube.ide.mcu.externaltools.gnu-tools-for-stm32.11.3.rel1.macos64_1.1.1.202309131626/tools/bin/../lib/gcc/arm-none-eabi/11.3.1/thumb/v7e-m+fp/hard/crtbegin.o

.ccmram         0x0000000010000000        0x0 load address 0x0000000008006104
                0x0000000010000000                . = ALIGN (0x4)
                0x0000000010000000                _sccmram = .
 *(.ccmram)
 *(.ccmram*)
                0x0000000010000000                . = ALIGN (0x4)
                0x0000000010000000                _eccmram = .
                0x0000000010000000                . = ALIGN (0x4)

.bss            0x0000000020000010    0x12eac
                0x0000000020000010                _sbss = .
                0x0000000020000010                __bss_start__ = _sbss
 *(.bss)
 .bss           0x0000000020000010       0x1c /Applications/STM32CubeIDE.app/Contents/Eclipse/plugins/com.st.stm32cube.ide.mcu.externaltools.gnu-tools-for-stm32.11.3.rel1.macos64_1.1.1.202309131626/tools/bin/../lib/gcc/arm-none-eabi/11.3.1/thumb/v7e-m+fp/hard/crtbegin.o
 *(.bss*)
 .bss.hspi1     0x000000002000002c       0x58 ./Core/Src/main.o
                0x000000002000002c                hspi1
 .bss.huart2    0x0000000020000084       0x44 ./Core/Src/main.o
                0x0000000020000084                huart2
 .bss.xSemaphore
                0x00000000200000c8        0x4 ./Core/Src/main.o
                0x00000000200000c8                xSemaphore
 .bss.data      0x00000000200000cc        0x1 ./Core/Src/main.o
                0x00000000200000cc                data
 *fill*         0x00000000200000cd        0x3 
 .bss.htim7     0x00000000200000d0       0x48 ./Core/Src/stm32f4xx_hal_timebase_tim.o
                0x00000000200000d0                htim7
 .bss.uwTick    0x0000000020000118        0x4 ./Drivers/STM32F4xx_HAL_Driver/Src/stm32f4xx_hal.o
                0x0000000020000118                uwTick
 .bss.xQueueRegistry
                0x000000002000011c       0x40 ./FreeRTOS/queue.o
                0x000000002000011c                xQueueRegistry
 .bss.pxCurrentTCB
                0x000000002000015c        0x4 ./FreeRTOS/tasks.o
                0x000000002000015c                pxCurrentTCB
 .bss.pxReadyTasksLists
                0x0000000020000160       0x64 ./FreeRTOS/tasks.o
 .bss.xDelayedTaskList1
                0x00000000200001c4       0x14 ./FreeRTOS/tasks.o
 .bss.xDelayedTaskList2
                0x00000000200001d8       0x14 ./FreeRTOS/tasks.o
 .bss.pxDelayedTaskList
                0x00000000200001ec        0x4 ./FreeRTOS/tasks.o
 .bss.pxOverflowDelayedTaskList
                0x00000000200001f0        0x4 ./FreeRTOS/tasks.o
 .bss.xPendingReadyList
                0x00000000200001f4       0x14 ./FreeRTOS/tasks.o
 .bss.xTasksWaitingTermination
                0x0000000020000208       0x14 ./FreeRTOS/tasks.o
 .bss.uxDeletedTasksWaitingCleanUp
                0x000000002000021c        0x4 ./FreeRTOS/tasks.o
 .bss.xSuspendedTaskList
                0x0000000020000220       0x14 ./FreeRTOS/tasks.o
 .bss.uxCurrentNumberOfTasks
                0x0000000020000234        0x4 ./FreeRTOS/tasks.o
 .bss.xTickCount
                0x0000000020000238        0x4 ./FreeRTOS/tasks.o
 .bss.uxTopReadyPriority
                0x000000002000023c        0x4 ./FreeRTOS/tasks.o
 .bss.xSchedulerRunning
                0x0000000020000240        0x4 ./FreeRTOS/tasks.o
 .bss.uxPendedTicks
                0x0000000020000244        0x4 ./FreeRTOS/tasks.o
 .bss.xYieldPending
                0x0000000020000248        0x4 ./FreeRTOS/tasks.o
 .bss.xNumOfOverflows
                0x000000002000024c        0x4 ./FreeRTOS/tasks.o
 .bss.uxTaskNumber
                0x0000000020000250        0x4 ./FreeRTOS/tasks.o
 .bss.xNextTaskUnblockTime
                0x0000000020000254        0x4 ./FreeRTOS/tasks.o
 .bss.xIdleTaskHandle
                0x0000000020000258        0x4 ./FreeRTOS/tasks.o
 .bss.uxSchedulerSuspended
                0x000000002000025c        0x4 ./FreeRTOS/tasks.o
 .bss.xActiveTimerList1
                0x0000000020000260       0x14 ./FreeRTOS/timers.o
 .bss.xActiveTimerList2
                0x0000000020000274       0x14 ./FreeRTOS/timers.o
 .bss.pxCurrentTimerList
                0x0000000020000288        0x4 ./FreeRTOS/timers.o
 .bss.pxOverflowTimerList
                0x000000002000028c        0x4 ./FreeRTOS/timers.o
 .bss.xTimerQueue
                0x0000000020000290        0x4 ./FreeRTOS/timers.o
 .bss.xTimerTaskHandle
                0x0000000020000294        0x4 ./FreeRTOS/timers.o
 .bss.xLastTime.0
                0x0000000020000298        0x4 ./FreeRTOS/timers.o
 .bss.ucMaxSysCallPriority
                0x000000002000029c        0x1 ./FreeRTOS/portable/ARM_CM4F/port.o
 *fill*         0x000000002000029d        0x3 
 .bss.ulMaxPRIGROUPValue
                0x00000000200002a0        0x4 ./FreeRTOS/portable/ARM_CM4F/port.o
 .bss.ucHeap    0x00000000200002a4    0x12c00 ./FreeRTOS/portable/MemMang/heap_4.o
 .bss.xStart    0x0000000020012ea4        0x8 ./FreeRTOS/portable/MemMang/heap_4.o
 .bss.pxEnd     0x0000000020012eac        0x4 ./FreeRTOS/portable/MemMang/heap_4.o
 .bss.xFreeBytesRemaining
                0x0000000020012eb0        0x4 ./FreeRTOS/portable/MemMang/heap_4.o
 .bss.xMinimumEverFreeBytesRemaining
                0x0000000020012eb4        0x4 ./FreeRTOS/portable/MemMang/heap_4.o
 .bss.xBlockAllocatedBit
                0x0000000020012eb8        0x4 ./FreeRTOS/portable/MemMang/heap_4.o
 *(COMMON)
                0x0000000020012ebc                . = ALIGN (0x4)
                0x0000000020012ebc                _ebss = .
                0x0000000020012ebc                __bss_end__ = _ebss

._user_heap_stack
                0x0000000020012ebc      0x604
                0x0000000020012ec0                . = ALIGN (0x8)
 *fill*         0x0000000020012ebc        0x4 
                [!provide]                        PROVIDE (end = .)
                0x0000000020012ec0                PROVIDE (_end = .)
                0x00000000200130c0                . = (. + _Min_Heap_Size)
 *fill*         0x0000000020012ec0      0x200 
                0x00000000200134c0                . = (. + _Min_Stack_Size)
 *fill*         0x00000000200130c0      0x400 
                0x00000000200134c0                . = ALIGN (0x8)

/DISCARD/
 libc.a(*)
 libm.a(*)
 libgcc.a(*)

.ARM.attributes
                0x0000000000000000       0x30
 *(.ARM.attributes)
 .ARM.attributes
                0x0000000000000000       0x1e /Applications/STM32CubeIDE.app/Contents/Eclipse/plugins/com.st.stm32cube.ide.mcu.externaltools.gnu-tools-for-stm32.11.3.rel1.macos64_1.1.1.202309131626/tools/bin/../lib/gcc/arm-none-eabi/11.3.1/thumb/v7e-m+fp/hard/crti.o
 .ARM.attributes
                0x000000000000001e       0x34 /Applications/STM32CubeIDE.app/Contents/Eclipse/plugins/com.st.stm32cube.ide.mcu.externaltools.gnu-tools-for-stm32.11.3.rel1.macos64_1.1.1.202309131626/tools/bin/../lib/gcc/arm-none-eabi/11.3.1/thumb/v7e-m+fp/hard/crtbegin.o
 .ARM.attributes
                0x0000000000000052       0x34 ./Core/Src/main.o
 .ARM.attributes
                0x0000000000000086       0x34 ./Core/Src/stm32f4xx_hal_msp.o
 .ARM.attributes
                0x00000000000000ba       0x34 ./Core/Src/stm32f4xx_hal_timebase_tim.o
 .ARM.attributes
                0x00000000000000ee       0x34 ./Core/Src/stm32f4xx_it.o
 .ARM.attributes
                0x0000000000000122       0x34 ./Core/Src/system_stm32f4xx.o
 .ARM.attributes
                0x0000000000000156       0x21 ./Core/Startup/startup_stm32f407vgtx.o
 .ARM.attributes
                0x0000000000000177       0x34 ./Drivers/STM32F4xx_HAL_Driver/Src/stm32f4xx_hal.o
 .ARM.attributes
                0x00000000000001ab       0x34 ./Drivers/STM32F4xx_HAL_Driver/Src/stm32f4xx_hal_cortex.o
 .ARM.attributes
                0x00000000000001df       0x34 ./Drivers/STM32F4xx_HAL_Driver/Src/stm32f4xx_hal_gpio.o
 .ARM.attributes
                0x0000000000000213       0x34 ./Drivers/STM32F4xx_HAL_Driver/Src/stm32f4xx_hal_rcc.o
 .ARM.attributes
                0x0000000000000247       0x34 ./Drivers/STM32F4xx_HAL_Driver/Src/stm32f4xx_hal_spi.o
 .ARM.attributes
                0x000000000000027b       0x34 ./Drivers/STM32F4xx_HAL_Driver/Src/stm32f4xx_hal_tim.o
 .ARM.attributes
                0x00000000000002af       0x34 ./Drivers/STM32F4xx_HAL_Driver/Src/stm32f4xx_hal_tim_ex.o
 .ARM.attributes
                0x00000000000002e3       0x34 ./Drivers/STM32F4xx_HAL_Driver/Src/stm32f4xx_hal_uart.o
 .ARM.attributes
                0x0000000000000317       0x34 ./FreeRTOS/list.o
 .ARM.attributes
                0x000000000000034b       0x34 ./FreeRTOS/queue.o
 .ARM.attributes
                0x000000000000037f       0x34 ./FreeRTOS/tasks.o
 .ARM.attributes
                0x00000000000003b3       0x34 ./FreeRTOS/timers.o
 .ARM.attributes
                0x00000000000003e7       0x34 ./FreeRTOS/portable/ARM_CM4F/port.o
 .ARM.attributes
                0x000000000000041b       0x34 ./FreeRTOS/portable/MemMang/heap_4.o
 .ARM.attributes
                0x000000000000044f       0x34 /Applications/STM32CubeIDE.app/Contents/Eclipse/plugins/com.st.stm32cube.ide.mcu.externaltools.gnu-tools-for-stm32.11.3.rel1.macos64_1.1.1.202309131626/tools/bin/../lib/gcc/arm-none-eabi/11.3.1/../../../../arm-none-eabi/lib/thumb/v7e-m+fp/hard/libc_nano.a(libc_a-memset.o)
 .ARM.attributes
                0x0000000000000483       0x34 /Applications/STM32CubeIDE.app/Contents/Eclipse/plugins/com.st.stm32cube.ide.mcu.externaltools.gnu-tools-for-stm32.11.3.rel1.macos64_1.1.1.202309131626/tools/bin/../lib/gcc/arm-none-eabi/11.3.1/../../../../arm-none-eabi/lib/thumb/v7e-m+fp/hard/libc_nano.a(libc_a-init.o)
 .ARM.attributes
                0x00000000000004b7       0x34 /Applications/STM32CubeIDE.app/Contents/Eclipse/plugins/com.st.stm32cube.ide.mcu.externaltools.gnu-tools-for-stm32.11.3.rel1.macos64_1.1.1.202309131626/tools/bin/../lib/gcc/arm-none-eabi/11.3.1/../../../../arm-none-eabi/lib/thumb/v7e-m+fp/hard/libc_nano.a(libc_a-memcpy-stub.o)
 .ARM.attributes
                0x00000000000004eb       0x1e /Applications/STM32CubeIDE.app/Contents/Eclipse/plugins/com.st.stm32cube.ide.mcu.externaltools.gnu-tools-for-stm32.11.3.rel1.macos64_1.1.1.202309131626/tools/bin/../lib/gcc/arm-none-eabi/11.3.1/thumb/v7e-m+fp/hard/libgcc.a(_aeabi_uldivmod.o)
 .ARM.attributes
                0x0000000000000509       0x34 /Applications/STM32CubeIDE.app/Contents/Eclipse/plugins/com.st.stm32cube.ide.mcu.externaltools.gnu-tools-for-stm32.11.3.rel1.macos64_1.1.1.202309131626/tools/bin/../lib/gcc/arm-none-eabi/11.3.1/thumb/v7e-m+fp/hard/libgcc.a(_udivmoddi4.o)
 .ARM.attributes
                0x000000000000053d       0x1e /Applications/STM32CubeIDE.app/Contents/Eclipse/plugins/com.st.stm32cube.ide.mcu.externaltools.gnu-tools-for-stm32.11.3.rel1.macos64_1.1.1.202309131626/tools/bin/../lib/gcc/arm-none-eabi/11.3.1/thumb/v7e-m+fp/hard/libgcc.a(_dvmd_tls.o)
 .ARM.attributes
                0x000000000000055b       0x1e /Applications/STM32CubeIDE.app/Contents/Eclipse/plugins/com.st.stm32cube.ide.mcu.externaltools.gnu-tools-for-stm32.11.3.rel1.macos64_1.1.1.202309131626/tools/bin/../lib/gcc/arm-none-eabi/11.3.1/thumb/v7e-m+fp/hard/crtn.o
OUTPUT(lab3.elf elf32-littlearm)
LOAD linker stubs
LOAD /Applications/STM32CubeIDE.app/Contents/Eclipse/plugins/com.st.stm32cube.ide.mcu.externaltools.gnu-tools-for-stm32.11.3.rel1.macos64_1.1.1.202309131626/tools/bin/../lib/gcc/arm-none-eabi/11.3.1/../../../../arm-none-eabi/lib/thumb/v7e-m+fp/hard/libc.a
LOAD /Applications/STM32CubeIDE.app/Contents/Eclipse/plugins/com.st.stm32cube.ide.mcu.externaltools.gnu-tools-for-stm32.11.3.rel1.macos64_1.1.1.202309131626/tools/bin/../lib/gcc/arm-none-eabi/11.3.1/../../../../arm-none-eabi/lib/thumb/v7e-m+fp/hard/libm.a
LOAD /Applications/STM32CubeIDE.app/Contents/Eclipse/plugins/com.st.stm32cube.ide.mcu.externaltools.gnu-tools-for-stm32.11.3.rel1.macos64_1.1.1.202309131626/tools/bin/../lib/gcc/arm-none-eabi/11.3.1/thumb/v7e-m+fp/hard/libgcc.a

.comment        0x0000000000000000       0x43
 .comment       0x0000000000000000       0x43 /Applications/STM32CubeIDE.app/Contents/Eclipse/plugins/com.st.stm32cube.ide.mcu.externaltools.gnu-tools-for-stm32.11.3.rel1.macos64_1.1.1.202309131626/tools/bin/../lib/gcc/arm-none-eabi/11.3.1/thumb/v7e-m+fp/hard/crtbegin.o
                                         0x44 (size before relaxing)
 .comment       0x0000000000000043       0x44 ./Core/Src/main.o
 .comment       0x0000000000000043       0x44 ./Core/Src/stm32f4xx_hal_msp.o
 .comment       0x0000000000000043       0x44 ./Core/Src/stm32f4xx_hal_timebase_tim.o
 .comment       0x0000000000000043       0x44 ./Core/Src/stm32f4xx_it.o
 .comment       0x0000000000000043       0x44 ./Core/Src/system_stm32f4xx.o
 .comment       0x0000000000000043       0x44 ./Drivers/STM32F4xx_HAL_Driver/Src/stm32f4xx_hal.o
 .comment       0x0000000000000043       0x44 ./Drivers/STM32F4xx_HAL_Driver/Src/stm32f4xx_hal_cortex.o
 .comment       0x0000000000000043       0x44 ./Drivers/STM32F4xx_HAL_Driver/Src/stm32f4xx_hal_gpio.o
 .comment       0x0000000000000043       0x44 ./Drivers/STM32F4xx_HAL_Driver/Src/stm32f4xx_hal_rcc.o
 .comment       0x0000000000000043       0x44 ./Drivers/STM32F4xx_HAL_Driver/Src/stm32f4xx_hal_spi.o
 .comment       0x0000000000000043       0x44 ./Drivers/STM32F4xx_HAL_Driver/Src/stm32f4xx_hal_tim.o
 .comment       0x0000000000000043       0x44 ./Drivers/STM32F4xx_HAL_Driver/Src/stm32f4xx_hal_tim_ex.o
 .comment       0x0000000000000043       0x44 ./Drivers/STM32F4xx_HAL_Driver/Src/stm32f4xx_hal_uart.o
 .comment       0x0000000000000043       0x44 ./FreeRTOS/list.o
 .comment       0x0000000000000043       0x44 ./FreeRTOS/queue.o
 .comment       0x0000000000000043       0x44 ./FreeRTOS/tasks.o
 .comment       0x0000000000000043       0x44 ./FreeRTOS/timers.o
 .comment       0x0000000000000043       0x44 ./FreeRTOS/portable/ARM_CM4F/port.o
 .comment       0x0000000000000043       0x44 ./FreeRTOS/portable/MemMang/heap_4.o

.debug_info     0x0000000000000000    0x13389
 .debug_info    0x0000000000000000     0x1750 ./Core/Src/main.o
 .debug_info    0x0000000000001750      0xbbb ./Core/Src/stm32f4xx_hal_msp.o
 .debug_info    0x000000000000230b      0xbee ./Core/Src/stm32f4xx_hal_timebase_tim.o
 .debug_info    0x0000000000002ef9      0x6e3 ./Core/Src/stm32f4xx_it.o
 .debug_info    0x00000000000035dc      0x512 ./Core/Src/system_stm32f4xx.o
 .debug_info    0x0000000000003aee       0x23 ./Core/Startup/startup_stm32f407vgtx.o
 .debug_info    0x0000000000003b11      0x948 ./Drivers/STM32F4xx_HAL_Driver/Src/stm32f4xx_hal.o
 .debug_info    0x0000000000004459      0xd46 ./Drivers/STM32F4xx_HAL_Driver/Src/stm32f4xx_hal_cortex.o
 .debug_info    0x000000000000519f      0x6c3 ./Drivers/STM32F4xx_HAL_Driver/Src/stm32f4xx_hal_gpio.o
 .debug_info    0x0000000000005862      0x8b1 ./Drivers/STM32F4xx_HAL_Driver/Src/stm32f4xx_hal_rcc.o
 .debug_info    0x0000000000006113     0x15fb ./Drivers/STM32F4xx_HAL_Driver/Src/stm32f4xx_hal_spi.o
 .debug_info    0x000000000000770e     0x2948 ./Drivers/STM32F4xx_HAL_Driver/Src/stm32f4xx_hal_tim.o
 .debug_info    0x000000000000a056     0x14ae ./Drivers/STM32F4xx_HAL_Driver/Src/stm32f4xx_hal_tim_ex.o
 .debug_info    0x000000000000b504     0x2fb8 ./Drivers/STM32F4xx_HAL_Driver/Src/stm32f4xx_hal_uart.o
 .debug_info    0x000000000000e4bc      0x2af ./FreeRTOS/list.o
 .debug_info    0x000000000000e76b     0x1740 ./FreeRTOS/queue.o
 .debug_info    0x000000000000feab     0x1e4f ./FreeRTOS/tasks.o
 .debug_info    0x0000000000011cfa      0xdec ./FreeRTOS/timers.o
 .debug_info    0x0000000000012ae6      0x4de ./FreeRTOS/portable/ARM_CM4F/port.o
 .debug_info    0x0000000000012fc4      0x3c5 ./FreeRTOS/portable/MemMang/heap_4.o

.debug_abbrev   0x0000000000000000     0x2cb6
 .debug_abbrev  0x0000000000000000      0x30d ./Core/Src/main.o
 .debug_abbrev  0x000000000000030d      0x1ae ./Core/Src/stm32f4xx_hal_msp.o
 .debug_abbrev  0x00000000000004bb      0x1f4 ./Core/Src/stm32f4xx_hal_timebase_tim.o
 .debug_abbrev  0x00000000000006af      0x194 ./Core/Src/stm32f4xx_it.o
 .debug_abbrev  0x0000000000000843      0x11a ./Core/Src/system_stm32f4xx.o
 .debug_abbrev  0x000000000000095d       0x12 ./Core/Startup/startup_stm32f407vgtx.o
 .debug_abbrev  0x000000000000096f      0x213 ./Drivers/STM32F4xx_HAL_Driver/Src/stm32f4xx_hal.o
 .debug_abbrev  0x0000000000000b82      0x327 ./Drivers/STM32F4xx_HAL_Driver/Src/stm32f4xx_hal_cortex.o
 .debug_abbrev  0x0000000000000ea9      0x1d4 ./Drivers/STM32F4xx_HAL_Driver/Src/stm32f4xx_hal_gpio.o
 .debug_abbrev  0x000000000000107d      0x2b6 ./Drivers/STM32F4xx_HAL_Driver/Src/stm32f4xx_hal_rcc.o
 .debug_abbrev  0x0000000000001333      0x284 ./Drivers/STM32F4xx_HAL_Driver/Src/stm32f4xx_hal_spi.o
 .debug_abbrev  0x00000000000015b7      0x271 ./Drivers/STM32F4xx_HAL_Driver/Src/stm32f4xx_hal_tim.o
 .debug_abbrev  0x0000000000001828      0x27c ./Drivers/STM32F4xx_HAL_Driver/Src/stm32f4xx_hal_tim_ex.o
 .debug_abbrev  0x0000000000001aa4      0x30e ./Drivers/STM32F4xx_HAL_Driver/Src/stm32f4xx_hal_uart.o
 .debug_abbrev  0x0000000000001db2       0xf5 ./FreeRTOS/list.o
 .debug_abbrev  0x0000000000001ea7      0x352 ./FreeRTOS/queue.o
 .debug_abbrev  0x00000000000021f9      0x37e ./FreeRTOS/tasks.o
 .debug_abbrev  0x0000000000002577      0x2de ./FreeRTOS/timers.o
 .debug_abbrev  0x0000000000002855      0x25c ./FreeRTOS/portable/ARM_CM4F/port.o
 .debug_abbrev  0x0000000000002ab1      0x205 ./FreeRTOS/portable/MemMang/heap_4.o

.debug_aranges  0x0000000000000000     0x1278
 .debug_aranges
                0x0000000000000000       0x78 ./Core/Src/main.o
 .debug_aranges
                0x0000000000000078       0x40 ./Core/Src/stm32f4xx_hal_msp.o
 .debug_aranges
                0x00000000000000b8       0x30 ./Core/Src/stm32f4xx_hal_timebase_tim.o
 .debug_aranges
                0x00000000000000e8       0x58 ./Core/Src/stm32f4xx_it.o
 .debug_aranges
                0x0000000000000140       0x28 ./Core/Src/system_stm32f4xx.o
 .debug_aranges
                0x0000000000000168       0x28 ./Core/Startup/startup_stm32f407vgtx.o
 .debug_aranges
                0x0000000000000190       0xf0 ./Drivers/STM32F4xx_HAL_Driver/Src/stm32f4xx_hal.o
 .debug_aranges
                0x0000000000000280      0x118 ./Drivers/STM32F4xx_HAL_Driver/Src/stm32f4xx_hal_cortex.o
 .debug_aranges
                0x0000000000000398       0x58 ./Drivers/STM32F4xx_HAL_Driver/Src/stm32f4xx_hal_gpio.o
 .debug_aranges
                0x00000000000003f0       0x88 ./Drivers/STM32F4xx_HAL_Driver/Src/stm32f4xx_hal_rcc.o
 .debug_aranges
                0x0000000000000478      0x1d0 ./Drivers/STM32F4xx_HAL_Driver/Src/stm32f4xx_hal_spi.o
 .debug_aranges
                0x0000000000000648      0x3d0 ./Drivers/STM32F4xx_HAL_Driver/Src/stm32f4xx_hal_tim.o
 .debug_aranges
                0x0000000000000a18      0x168 ./Drivers/STM32F4xx_HAL_Driver/Src/stm32f4xx_hal_tim_ex.o
 .debug_aranges
                0x0000000000000b80      0x200 ./Drivers/STM32F4xx_HAL_Driver/Src/stm32f4xx_hal_uart.o
 .debug_aranges
                0x0000000000000d80       0x40 ./FreeRTOS/list.o
 .debug_aranges
                0x0000000000000dc0      0x130 ./FreeRTOS/queue.o
 .debug_aranges
                0x0000000000000ef0      0x1e8 ./FreeRTOS/tasks.o
 .debug_aranges
                0x00000000000010d8       0xd0 ./FreeRTOS/timers.o
 .debug_aranges
                0x00000000000011a8       0x80 ./FreeRTOS/portable/ARM_CM4F/port.o
 .debug_aranges
                0x0000000000001228       0x50 ./FreeRTOS/portable/MemMang/heap_4.o

.debug_rnglists
                0x0000000000000000      0xe6d
 .debug_rnglists
                0x0000000000000000       0x58 ./Core/Src/main.o
 .debug_rnglists
                0x0000000000000058       0x2d ./Core/Src/stm32f4xx_hal_msp.o
 .debug_rnglists
                0x0000000000000085       0x20 ./Core/Src/stm32f4xx_hal_timebase_tim.o
 .debug_rnglists
                0x00000000000000a5       0x3d ./Core/Src/stm32f4xx_it.o
 .debug_rnglists
                0x00000000000000e2       0x1a ./Core/Src/system_stm32f4xx.o
 .debug_rnglists
                0x00000000000000fc       0x19 ./Core/Startup/startup_stm32f407vgtx.o
 .debug_rnglists
                0x0000000000000115       0xaf ./Drivers/STM32F4xx_HAL_Driver/Src/stm32f4xx_hal.o
 .debug_rnglists
                0x00000000000001c4       0xce ./Drivers/STM32F4xx_HAL_Driver/Src/stm32f4xx_hal_cortex.o
 .debug_rnglists
                0x0000000000000292       0x3f ./Drivers/STM32F4xx_HAL_Driver/Src/stm32f4xx_hal_gpio.o
 .debug_rnglists
                0x00000000000002d1       0x66 ./Drivers/STM32F4xx_HAL_Driver/Src/stm32f4xx_hal_rcc.o
 .debug_rnglists
                0x0000000000000337      0x16f ./Drivers/STM32F4xx_HAL_Driver/Src/stm32f4xx_hal_spi.o
 .debug_rnglists
                0x00000000000004a6      0x31a ./Drivers/STM32F4xx_HAL_Driver/Src/stm32f4xx_hal_tim.o
 .debug_rnglists
                0x00000000000007c0      0x125 ./Drivers/STM32F4xx_HAL_Driver/Src/stm32f4xx_hal_tim_ex.o
 .debug_rnglists
                0x00000000000008e5      0x1b7 ./Drivers/STM32F4xx_HAL_Driver/Src/stm32f4xx_hal_uart.o
 .debug_rnglists
                0x0000000000000a9c       0x2b ./FreeRTOS/list.o
 .debug_rnglists
                0x0000000000000ac7       0xea ./FreeRTOS/queue.o
 .debug_rnglists
                0x0000000000000bb1      0x187 ./FreeRTOS/tasks.o
 .debug_rnglists
                0x0000000000000d38       0x9d ./FreeRTOS/timers.o
 .debug_rnglists
                0x0000000000000dd5       0x5d ./FreeRTOS/portable/ARM_CM4F/port.o
 .debug_rnglists
                0x0000000000000e32       0x3b ./FreeRTOS/portable/MemMang/heap_4.o

.debug_macro    0x0000000000000000    0x21f56
 .debug_macro   0x0000000000000000      0x301 ./Core/Src/main.o
 .debug_macro   0x0000000000000301      0xaa8 ./Core/Src/main.o
 .debug_macro   0x0000000000000da9      0x2a1 ./Core/Src/main.o
 .debug_macro   0x000000000000104a       0x2e ./Core/Src/main.o
 .debug_macro   0x0000000000001078       0x2f ./Core/Src/main.o
 .debug_macro   0x00000000000010a7       0x22 ./Core/Src/main.o
 .debug_macro   0x00000000000010c9       0x8e ./Core/Src/main.o
 .debug_macro   0x0000000000001157       0x51 ./Core/Src/main.o
 .debug_macro   0x00000000000011a8      0x103 ./Core/Src/main.o
 .debug_macro   0x00000000000012ab       0x6a ./Core/Src/main.o
 .debug_macro   0x0000000000001315      0x1df ./Core/Src/main.o
 .debug_macro   0x00000000000014f4       0x1c ./Core/Src/main.o
 .debug_macro   0x0000000000001510       0x22 ./Core/Src/main.o
 .debug_macro   0x0000000000001532       0xd9 ./Core/Src/main.o
 .debug_macro   0x000000000000160b     0x102d ./Core/Src/main.o
 .debug_macro   0x0000000000002638      0x11f ./Core/Src/main.o
 .debug_macro   0x0000000000002757    0x15e82 ./Core/Src/main.o
 .debug_macro   0x00000000000185d9       0x6d ./Core/Src/main.o
 .debug_macro   0x0000000000018646     0x367e ./Core/Src/main.o
 .debug_macro   0x000000000001bcc4      0x174 ./Core/Src/main.o
 .debug_macro   0x000000000001be38       0x5c ./Core/Src/main.o
 .debug_macro   0x000000000001be94      0x96b ./Core/Src/main.o
 .debug_macro   0x000000000001c7ff      0x9fe ./Core/Src/main.o
 .debug_macro   0x000000000001d1fd      0x115 ./Core/Src/main.o
 .debug_macro   0x000000000001d312      0x13e ./Core/Src/main.o
 .debug_macro   0x000000000001d450       0xa5 ./Core/Src/main.o
 .debug_macro   0x000000000001d4f5      0x174 ./Core/Src/main.o
 .debug_macro   0x000000000001d669      0x287 ./Core/Src/main.o
 .debug_macro   0x000000000001d8f0       0x5f ./Core/Src/main.o
 .debug_macro   0x000000000001d94f      0x236 ./Core/Src/main.o
 .debug_macro   0x000000000001db85      0x12c ./Core/Src/main.o
 .debug_macro   0x000000000001dcb1      0x21e ./Core/Src/main.o
 .debug_macro   0x000000000001decf       0x2e ./Core/Src/main.o
 .debug_macro   0x000000000001defd      0x11a ./Core/Src/main.o
 .debug_macro   0x000000000001e017       0x7e ./Core/Src/main.o
 .debug_macro   0x000000000001e095       0x89 ./Core/Src/main.o
 .debug_macro   0x000000000001e11e      0x225 ./Core/Src/main.o
 .debug_macro   0x000000000001e343      0x8e6 ./Core/Src/main.o
 .debug_macro   0x000000000001ec29       0x47 ./Core/Src/main.o
 .debug_macro   0x000000000001ec70      0x295 ./Core/Src/main.o
 .debug_macro   0x000000000001ef05      0x12d ./Core/Src/main.o
 .debug_macro   0x000000000001f032      0x178 ./Core/Src/main.o
 .debug_macro   0x000000000001f1aa      0x106 ./Core/Src/main.o
 .debug_macro   0x000000000001f2b0      0x15a ./Core/Src/main.o
 .debug_macro   0x000000000001f40a       0xe4 ./Core/Src/main.o
 .debug_macro   0x000000000001f4ee       0x1c ./Core/Src/main.o
 .debug_macro   0x000000000001f50a       0x26 ./Core/Src/main.o
 .debug_macro   0x000000000001f530      0x4d3 ./Core/Src/main.o
 .debug_macro   0x000000000001fa03       0xb5 ./Core/Src/main.o
 .debug_macro   0x000000000001fab8       0xaa ./Core/Src/main.o
 .debug_macro   0x000000000001fb62       0x80 ./Core/Src/main.o
 .debug_macro   0x000000000001fbe2       0x7e ./Core/Src/main.o
 .debug_macro   0x000000000001fc60      0x1e7 ./Core/Src/stm32f4xx_hal_msp.o
 .debug_macro   0x000000000001fe47      0x1d8 ./Core/Src/stm32f4xx_hal_timebase_tim.o
 .debug_macro   0x000000000002001f      0x1f1 ./Core/Src/stm32f4xx_it.o
 .debug_macro   0x0000000000020210      0x1d8 ./Core/Src/system_stm32f4xx.o
 .debug_macro   0x00000000000203e8      0x238 ./Drivers/STM32F4xx_HAL_Driver/Src/stm32f4xx_hal.o
 .debug_macro   0x0000000000020620      0x1d8 ./Drivers/STM32F4xx_HAL_Driver/Src/stm32f4xx_hal_cortex.o
 .debug_macro   0x00000000000207f8      0x1de ./Drivers/STM32F4xx_HAL_Driver/Src/stm32f4xx_hal_gpio.o
 .debug_macro   0x00000000000209d6      0x1fc ./Drivers/STM32F4xx_HAL_Driver/Src/stm32f4xx_hal_rcc.o
 .debug_macro   0x0000000000020bd2      0x1e7 ./Drivers/STM32F4xx_HAL_Driver/Src/stm32f4xx_hal_spi.o
 .debug_macro   0x0000000000020db9      0x1d9 ./Drivers/STM32F4xx_HAL_Driver/Src/stm32f4xx_hal_tim.o
 .debug_macro   0x0000000000020f92      0x1d8 ./Drivers/STM32F4xx_HAL_Driver/Src/stm32f4xx_hal_tim_ex.o
 .debug_macro   0x000000000002116a      0x1d9 ./Drivers/STM32F4xx_HAL_Driver/Src/stm32f4xx_hal_uart.o
 .debug_macro   0x0000000000021343      0x187 ./FreeRTOS/list.o
 .debug_macro   0x00000000000214ca      0x216 ./FreeRTOS/queue.o
 .debug_macro   0x00000000000216e0       0x16 ./FreeRTOS/queue.o
 .debug_macro   0x00000000000216f6       0x20 ./FreeRTOS/queue.o
 .debug_macro   0x0000000000021716      0x279 ./FreeRTOS/tasks.o
 .debug_macro   0x000000000002198f       0x10 ./FreeRTOS/tasks.o
 .debug_macro   0x000000000002199f      0x1dc ./FreeRTOS/timers.o
 .debug_macro   0x0000000000021b7b       0x97 ./FreeRTOS/timers.o
 .debug_macro   0x0000000000021c12      0x196 ./FreeRTOS/portable/ARM_CM4F/port.o
 .debug_macro   0x0000000000021da8      0x1ae ./FreeRTOS/portable/MemMang/heap_4.o

.debug_line     0x0000000000000000    0x144f0
 .debug_line    0x0000000000000000      0xb11 ./Core/Src/main.o
 .debug_line    0x0000000000000b11      0x78d ./Core/Src/stm32f4xx_hal_msp.o
 .debug_line    0x000000000000129e      0x76e ./Core/Src/stm32f4xx_hal_timebase_tim.o
 .debug_line    0x0000000000001a0c      0x7a7 ./Core/Src/stm32f4xx_it.o
 .debug_line    0x00000000000021b3      0x774 ./Core/Src/system_stm32f4xx.o
 .debug_line    0x0000000000002927       0x7a ./Core/Startup/startup_stm32f407vgtx.o
 .debug_line    0x00000000000029a1      0x9da ./Drivers/STM32F4xx_HAL_Driver/Src/stm32f4xx_hal.o
 .debug_line    0x000000000000337b      0xc89 ./Drivers/STM32F4xx_HAL_Driver/Src/stm32f4xx_hal_cortex.o
 .debug_line    0x0000000000004004      0xb4e ./Drivers/STM32F4xx_HAL_Driver/Src/stm32f4xx_hal_gpio.o
 .debug_line    0x0000000000004b52      0xd53 ./Drivers/STM32F4xx_HAL_Driver/Src/stm32f4xx_hal_rcc.o
 .debug_line    0x00000000000058a5     0x1c6b ./Drivers/STM32F4xx_HAL_Driver/Src/stm32f4xx_hal_spi.o
 .debug_line    0x0000000000007510     0x36c6 ./Drivers/STM32F4xx_HAL_Driver/Src/stm32f4xx_hal_tim.o
 .debug_line    0x000000000000abd6     0x19d7 ./Drivers/STM32F4xx_HAL_Driver/Src/stm32f4xx_hal_tim_ex.o
 .debug_line    0x000000000000c5ad     0x2a7c ./Drivers/STM32F4xx_HAL_Driver/Src/stm32f4xx_hal_uart.o
 .debug_line    0x000000000000f029      0x722 ./FreeRTOS/list.o
 .debug_line    0x000000000000f74b     0x1532 ./FreeRTOS/queue.o
 .debug_line    0x0000000000010c7d     0x1b5a ./FreeRTOS/tasks.o
 .debug_line    0x00000000000127d7      0xc3e ./FreeRTOS/timers.o
 .debug_line    0x0000000000013415      0x7f7 ./FreeRTOS/portable/ARM_CM4F/port.o
 .debug_line    0x0000000000013c0c      0x8e4 ./FreeRTOS/portable/MemMang/heap_4.o

.debug_str      0x0000000000000000    0xd44c5
 .debug_str     0x0000000000000000    0xcb0e6 ./Core/Src/main.o
                                      0xcb4e9 (size before relaxing)
 .debug_str     0x00000000000cb0e6       0x8d ./Core/Src/stm32f4xx_hal_msp.o
                                      0xc5a20 (size before relaxing)
 .debug_str     0x00000000000cb173      0x107 ./Core/Src/stm32f4xx_hal_timebase_tim.o
                                      0xc5914 (size before relaxing)
 .debug_str     0x00000000000cb27a       0xdf ./Core/Src/stm32f4xx_it.o
                                      0xc5863 (size before relaxing)
 .debug_str     0x00000000000cb359       0xdb ./Core/Src/system_stm32f4xx.o
                                      0xc4e1d (size before relaxing)
 .debug_str     0x00000000000cb434       0x34 ./Core/Startup/startup_stm32f407vgtx.o
                                         0x72 (size before relaxing)
 .debug_str     0x00000000000cb468      0x5bd ./Drivers/STM32F4xx_HAL_Driver/Src/stm32f4xx_hal.o
                                      0xc59a1 (size before relaxing)
 .debug_str     0x00000000000cba25      0x33a ./Drivers/STM32F4xx_HAL_Driver/Src/stm32f4xx_hal_cortex.o
                                      0xc56d4 (size before relaxing)
 .debug_str     0x00000000000cbd5f       0xd5 ./Drivers/STM32F4xx_HAL_Driver/Src/stm32f4xx_hal_gpio.o
                                      0xc4f98 (size before relaxing)
 .debug_str     0x00000000000cbe34      0x1fd ./Drivers/STM32F4xx_HAL_Driver/Src/stm32f4xx_hal_rcc.o
                                      0xc5251 (size before relaxing)
 .debug_str     0x00000000000cc031      0x57c ./Drivers/STM32F4xx_HAL_Driver/Src/stm32f4xx_hal_spi.o
                                      0xc56e1 (size before relaxing)
 .debug_str     0x00000000000cc5ad      0xe41 ./Drivers/STM32F4xx_HAL_Driver/Src/stm32f4xx_hal_tim.o
                                      0xc6197 (size before relaxing)
 .debug_str     0x00000000000cd3ee      0x503 ./Drivers/STM32F4xx_HAL_Driver/Src/stm32f4xx_hal_tim_ex.o
                                      0xc59b3 (size before relaxing)
 .debug_str     0x00000000000cd8f1      0x5ff ./Drivers/STM32F4xx_HAL_Driver/Src/stm32f4xx_hal_uart.o
                                      0xc57f0 (size before relaxing)
 .debug_str     0x00000000000cdef0     0x32dc ./FreeRTOS/list.o
                                       0xaa7e (size before relaxing)
 .debug_str     0x00000000000d11cc      0xaaf ./FreeRTOS/queue.o
                                       0xc347 (size before relaxing)
 .debug_str     0x00000000000d1c7b     0x19e8 ./FreeRTOS/tasks.o
                                       0xcf1f (size before relaxing)
 .debug_str     0x00000000000d3663      0x4e7 ./FreeRTOS/timers.o
                                       0xc6f8 (size before relaxing)
 .debug_str     0x00000000000d3b4a      0x760 ./FreeRTOS/portable/ARM_CM4F/port.o
                                       0x86bf (size before relaxing)
 .debug_str     0x00000000000d42aa      0x21b ./FreeRTOS/portable/MemMang/heap_4.o
                                       0xb29b (size before relaxing)

.debug_frame    0x0000000000000000     0x4df0
 .debug_frame   0x0000000000000000      0x19c ./Core/Src/main.o
 .debug_frame   0x000000000000019c       0xc8 ./Core/Src/stm32f4xx_hal_msp.o
 .debug_frame   0x0000000000000264       0x74 ./Core/Src/stm32f4xx_hal_timebase_tim.o
 .debug_frame   0x00000000000002d8       0xe0 ./Core/Src/stm32f4xx_it.o
 .debug_frame   0x00000000000003b8       0x58 ./Core/Src/system_stm32f4xx.o
 .debug_frame   0x0000000000000410      0x374 ./Drivers/STM32F4xx_HAL_Driver/Src/stm32f4xx_hal.o
 .debug_frame   0x0000000000000784      0x498 ./Drivers/STM32F4xx_HAL_Driver/Src/stm32f4xx_hal_cortex.o
 .debug_frame   0x0000000000000c1c      0x14c ./Drivers/STM32F4xx_HAL_Driver/Src/stm32f4xx_hal_gpio.o
 .debug_frame   0x0000000000000d68      0x1f4 ./Drivers/STM32F4xx_HAL_Driver/Src/stm32f4xx_hal_rcc.o
 .debug_frame   0x0000000000000f5c      0x824 ./Drivers/STM32F4xx_HAL_Driver/Src/stm32f4xx_hal_spi.o
 .debug_frame   0x0000000000001780     0x11c4 ./Drivers/STM32F4xx_HAL_Driver/Src/stm32f4xx_hal_tim.o
 .debug_frame   0x0000000000002944      0x638 ./Drivers/STM32F4xx_HAL_Driver/Src/stm32f4xx_hal_tim_ex.o
 .debug_frame   0x0000000000002f7c      0x92c ./Drivers/STM32F4xx_HAL_Driver/Src/stm32f4xx_hal_uart.o
 .debug_frame   0x00000000000038a8       0xd8 ./FreeRTOS/list.o
 .debug_frame   0x0000000000003980      0x530 ./FreeRTOS/queue.o
 .debug_frame   0x0000000000003eb0      0x854 ./FreeRTOS/tasks.o
 .debug_frame   0x0000000000004704      0x368 ./FreeRTOS/timers.o
 .debug_frame   0x0000000000004a6c      0x1a8 ./FreeRTOS/portable/ARM_CM4F/port.o
 .debug_frame   0x0000000000004c14      0x108 ./FreeRTOS/portable/MemMang/heap_4.o
 .debug_frame   0x0000000000004d1c       0x20 /Applications/STM32CubeIDE.app/Contents/Eclipse/plugins/com.st.stm32cube.ide.mcu.externaltools.gnu-tools-for-stm32.11.3.rel1.macos64_1.1.1.202309131626/tools/bin/../lib/gcc/arm-none-eabi/11.3.1/../../../../arm-none-eabi/lib/thumb/v7e-m+fp/hard/libc_nano.a(libc_a-memset.o)
 .debug_frame   0x0000000000004d3c       0x2c /Applications/STM32CubeIDE.app/Contents/Eclipse/plugins/com.st.stm32cube.ide.mcu.externaltools.gnu-tools-for-stm32.11.3.rel1.macos64_1.1.1.202309131626/tools/bin/../lib/gcc/arm-none-eabi/11.3.1/../../../../arm-none-eabi/lib/thumb/v7e-m+fp/hard/libc_nano.a(libc_a-init.o)
 .debug_frame   0x0000000000004d68       0x28 /Applications/STM32CubeIDE.app/Contents/Eclipse/plugins/com.st.stm32cube.ide.mcu.externaltools.gnu-tools-for-stm32.11.3.rel1.macos64_1.1.1.202309131626/tools/bin/../lib/gcc/arm-none-eabi/11.3.1/../../../../arm-none-eabi/lib/thumb/v7e-m+fp/hard/libc_nano.a(libc_a-memcpy-stub.o)
 .debug_frame   0x0000000000004d90       0x2c /Applications/STM32CubeIDE.app/Contents/Eclipse/plugins/com.st.stm32cube.ide.mcu.externaltools.gnu-tools-for-stm32.11.3.rel1.macos64_1.1.1.202309131626/tools/bin/../lib/gcc/arm-none-eabi/11.3.1/thumb/v7e-m+fp/hard/libgcc.a(_aeabi_uldivmod.o)
 .debug_frame   0x0000000000004dbc       0x34 /Applications/STM32CubeIDE.app/Contents/Eclipse/plugins/com.st.stm32cube.ide.mcu.externaltools.gnu-tools-for-stm32.11.3.rel1.macos64_1.1.1.202309131626/tools/bin/../lib/gcc/arm-none-eabi/11.3.1/thumb/v7e-m+fp/hard/libgcc.a(_udivmoddi4.o)

.debug_line_str
                0x0000000000000000       0x66
 .debug_line_str
                0x0000000000000000       0x66 ./Core/Startup/startup_stm32f407vgtx.o
                                         0x7e (size before relaxing)
